Archive member included to satisfy reference by file (symbol)

.pio\build\ATmega328P\libFrameworkArduino.a(HardwareSerial.cpp.o)
                              .pio\build\ATmega328P\src\main.cpp.o (symbol from plugin) (_ZN14HardwareSerial5beginEmh)
.pio\build\ATmega328P\libFrameworkArduino.a(HardwareSerial0.cpp.o)
                              .pio\build\ATmega328P\src\main.cpp.o (symbol from plugin) (Serial)
.pio\build\ATmega328P\libFrameworkArduino.a(Print.cpp.o)
                              HardwareSerial.cpp.o (symbol from plugin) (_ZN5Print5writeEPKhj)
.pio\build\ATmega328P\libFrameworkArduino.a(abi.cpp.o)
                              Print.cpp.o (symbol from plugin) (__cxa_pure_virtual)
.pio\build\ATmega328P\libFrameworkArduino.a(main.cpp.o)
                              c:/users/ldubies/.platformio/packages/toolchain-atmelavr/bin/../lib/gcc/avr/7.3.0/../../../../avr/lib/avr5/crtatmega328p.o (main)
.pio\build\ATmega328P\libFrameworkArduino.a(wiring.c.o)
                              .pio\build\ATmega328P\src\main.cpp.o (symbol from plugin) (delay)
.pio\build\ATmega328P\libFrameworkArduino.a(hooks.c.o)
                              wiring.c.o (symbol from plugin) (yield)
c:/users/ldubies/.platformio/packages/toolchain-atmelavr/bin/../lib/gcc/avr/7.3.0/avr5\libgcc.a(_exit.o)
                              c:/users/ldubies/.platformio/packages/toolchain-atmelavr/bin/../lib/gcc/avr/7.3.0/../../../../avr/lib/avr5/crtatmega328p.o (exit)
c:/users/ldubies/.platformio/packages/toolchain-atmelavr/bin/../lib/gcc/avr/7.3.0/../../../../avr/lib/avr5\libc.a(vfprintf_p.o)
                              Print.cpp.o (symbol from plugin) (vfprintf_P)
c:/users/ldubies/.platformio/packages/toolchain-atmelavr/bin/../lib/gcc/avr/7.3.0/../../../../avr/lib/avr5\libc.a(vfprintf_std.o)
                              c:/users/ldubies/.platformio/packages/toolchain-atmelavr/bin/../lib/gcc/avr/7.3.0/../../../../avr/lib/avr5\libc.a(vfprintf_p.o) (vfprintf)
c:/users/ldubies/.platformio/packages/toolchain-atmelavr/bin/../lib/gcc/avr/7.3.0/../../../../avr/lib/avr5\libc.a(strnlen_P.o)
                              c:/users/ldubies/.platformio/packages/toolchain-atmelavr/bin/../lib/gcc/avr/7.3.0/../../../../avr/lib/avr5\libc.a(vfprintf_std.o) (strnlen_P)
c:/users/ldubies/.platformio/packages/toolchain-atmelavr/bin/../lib/gcc/avr/7.3.0/../../../../avr/lib/avr5\libc.a(strnlen.o)
                              c:/users/ldubies/.platformio/packages/toolchain-atmelavr/bin/../lib/gcc/avr/7.3.0/../../../../avr/lib/avr5\libc.a(vfprintf_std.o) (strnlen)
c:/users/ldubies/.platformio/packages/toolchain-atmelavr/bin/../lib/gcc/avr/7.3.0/../../../../avr/lib/avr5\libc.a(fputc.o)
                              c:/users/ldubies/.platformio/packages/toolchain-atmelavr/bin/../lib/gcc/avr/7.3.0/../../../../avr/lib/avr5\libc.a(vfprintf_std.o) (fputc)
c:/users/ldubies/.platformio/packages/toolchain-atmelavr/bin/../lib/gcc/avr/7.3.0/../../../../avr/lib/avr5\libc.a(ultoa_invert.o)
                              c:/users/ldubies/.platformio/packages/toolchain-atmelavr/bin/../lib/gcc/avr/7.3.0/../../../../avr/lib/avr5\libc.a(vfprintf_std.o) (__ultoa_invert)
c:/users/ldubies/.platformio/packages/toolchain-atmelavr/bin/../lib/gcc/avr/7.3.0/../../../../avr/lib/avr5\libatmega328p.a(eerd_block.o)
                              .pio\build\ATmega328P\src\main.cpp.o (symbol from plugin) (eeprom_read_block)
c:/users/ldubies/.platformio/packages/toolchain-atmelavr/bin/../lib/gcc/avr/7.3.0/../../../../avr/lib/avr5\libatmega328p.a(eerd_byte.o)
                              .pio\build\ATmega328P\src\main.cpp.o (symbol from plugin) (eeprom_read_byte)
c:/users/ldubies/.platformio/packages/toolchain-atmelavr/bin/../lib/gcc/avr/7.3.0/../../../../avr/lib/avr5\libatmega328p.a(eerd_word.o)
                              .pio\build\ATmega328P\src\main.cpp.o (symbol from plugin) (eeprom_read_word)
c:/users/ldubies/.platformio/packages/toolchain-atmelavr/bin/../lib/gcc/avr/7.3.0/avr5\libgcc.a(_prologue.o)
                              c:/users/ldubies/.platformio/packages/toolchain-atmelavr/bin/../lib/gcc/avr/7.3.0/../../../../avr/lib/avr5\libc.a(vfprintf_std.o) (__prologue_saves__)
c:/users/ldubies/.platformio/packages/toolchain-atmelavr/bin/../lib/gcc/avr/7.3.0/avr5\libgcc.a(_epilogue.o)
                              c:/users/ldubies/.platformio/packages/toolchain-atmelavr/bin/../lib/gcc/avr/7.3.0/../../../../avr/lib/avr5\libc.a(vfprintf_std.o) (__epilogue_restores__)
c:/users/ldubies/.platformio/packages/toolchain-atmelavr/bin/../lib/gcc/avr/7.3.0/avr5\libgcc.a(_copy_data.o)
                              C:\Users\ldubies\AppData\Local\Temp\ccI9JQwb.ltrans0.ltrans.o (__do_copy_data)
c:/users/ldubies/.platformio/packages/toolchain-atmelavr/bin/../lib/gcc/avr/7.3.0/avr5\libgcc.a(_clear_bss.o)
                              C:\Users\ldubies\AppData\Local\Temp\ccI9JQwb.ltrans0.ltrans.o (__do_clear_bss)
c:/users/ldubies/.platformio/packages/toolchain-atmelavr/bin/../lib/gcc/avr/7.3.0/avr5\libgcc.a(_ctors.o)
                              C:\Users\ldubies\AppData\Local\Temp\ccI9JQwb.ltrans0.ltrans.o (__do_global_ctors)
c:/users/ldubies/.platformio/packages/toolchain-atmelavr/bin/../lib/gcc/avr/7.3.0/avr5\libgcc.a(_tablejump2.o)
                              c:/users/ldubies/.platformio/packages/toolchain-atmelavr/bin/../lib/gcc/avr/7.3.0/avr5\libgcc.a(_ctors.o) (__tablejump2__)

Discarded input sections

 .data          0x00000000        0x0 c:/users/ldubies/.platformio/packages/toolchain-atmelavr/bin/../lib/gcc/avr/7.3.0/../../../../avr/lib/avr5/crtatmega328p.o
 .bss           0x00000000        0x0 c:/users/ldubies/.platformio/packages/toolchain-atmelavr/bin/../lib/gcc/avr/7.3.0/../../../../avr/lib/avr5/crtatmega328p.o
 .text          0x00000000        0x0 .pio\build\ATmega328P\src\main.cpp.o (symbol from plugin)
 .gnu.linkonce.t._ZN14HardwareSerial5beginEm
                0x00000000        0x0 .pio\build\ATmega328P\src\main.cpp.o (symbol from plugin)
 .data          0x00000000        0x0 C:\Users\ldubies\AppData\Local\Temp\ccI9JQwb.ltrans0.ltrans.o
 .text          0x00000000        0x0 HardwareSerial.cpp.o (symbol from plugin)
 .gnu.linkonce.t._ZTV14HardwareSerial
                0x00000000        0x0 HardwareSerial.cpp.o (symbol from plugin)
 .text          0x00000000        0x0 HardwareSerial0.cpp.o (symbol from plugin)
 .gnu.linkonce.t._ZN14HardwareSerial16_rx_complete_irqEv
                0x00000000        0x0 HardwareSerial0.cpp.o (symbol from plugin)
 .text          0x00000000        0x0 Print.cpp.o (symbol from plugin)
 .gnu.linkonce.t._ZN5Print17availableForWriteEv
                0x00000000        0x0 Print.cpp.o (symbol from plugin)
 .gnu.linkonce.t._ZN5Print5flushEv
                0x00000000        0x0 Print.cpp.o (symbol from plugin)
 .gnu.linkonce.t._ZN5Print5writeEPKc
                0x00000000        0x0 Print.cpp.o (symbol from plugin)
 .gnu.linkonce.t._ZN5Print5writeEPKcj
                0x00000000        0x0 Print.cpp.o (symbol from plugin)
 .gnu.linkonce.t._ZTV5Print
                0x00000000        0x0 Print.cpp.o (symbol from plugin)
 .text          0x00000000        0x0 abi.cpp.o (symbol from plugin)
 .text          0x00000000        0x0 main.cpp.o (symbol from plugin)
 .text          0x00000000        0x0 wiring.c.o (symbol from plugin)
 .text          0x00000000        0x0 hooks.c.o (symbol from plugin)
 .text          0x00000000        0x0 c:/users/ldubies/.platformio/packages/toolchain-atmelavr/bin/../lib/gcc/avr/7.3.0/avr5\libgcc.a(_exit.o)
 .data          0x00000000        0x0 c:/users/ldubies/.platformio/packages/toolchain-atmelavr/bin/../lib/gcc/avr/7.3.0/avr5\libgcc.a(_exit.o)
 .bss           0x00000000        0x0 c:/users/ldubies/.platformio/packages/toolchain-atmelavr/bin/../lib/gcc/avr/7.3.0/avr5\libgcc.a(_exit.o)
 .text.libgcc.mul
                0x00000000        0x0 c:/users/ldubies/.platformio/packages/toolchain-atmelavr/bin/../lib/gcc/avr/7.3.0/avr5\libgcc.a(_exit.o)
 .text.libgcc.div
                0x00000000        0x0 c:/users/ldubies/.platformio/packages/toolchain-atmelavr/bin/../lib/gcc/avr/7.3.0/avr5\libgcc.a(_exit.o)
 .text.libgcc   0x00000000        0x0 c:/users/ldubies/.platformio/packages/toolchain-atmelavr/bin/../lib/gcc/avr/7.3.0/avr5\libgcc.a(_exit.o)
 .text.libgcc.prologue
                0x00000000        0x0 c:/users/ldubies/.platformio/packages/toolchain-atmelavr/bin/../lib/gcc/avr/7.3.0/avr5\libgcc.a(_exit.o)
 .text.libgcc.builtins
                0x00000000        0x0 c:/users/ldubies/.platformio/packages/toolchain-atmelavr/bin/../lib/gcc/avr/7.3.0/avr5\libgcc.a(_exit.o)
 .text.libgcc.fmul
                0x00000000        0x0 c:/users/ldubies/.platformio/packages/toolchain-atmelavr/bin/../lib/gcc/avr/7.3.0/avr5\libgcc.a(_exit.o)
 .text.libgcc.fixed
                0x00000000        0x0 c:/users/ldubies/.platformio/packages/toolchain-atmelavr/bin/../lib/gcc/avr/7.3.0/avr5\libgcc.a(_exit.o)
 .text          0x00000000        0x0 c:/users/ldubies/.platformio/packages/toolchain-atmelavr/bin/../lib/gcc/avr/7.3.0/../../../../avr/lib/avr5\libc.a(vfprintf_p.o)
 .data          0x00000000        0x0 c:/users/ldubies/.platformio/packages/toolchain-atmelavr/bin/../lib/gcc/avr/7.3.0/../../../../avr/lib/avr5\libc.a(vfprintf_p.o)
 .bss           0x00000000        0x0 c:/users/ldubies/.platformio/packages/toolchain-atmelavr/bin/../lib/gcc/avr/7.3.0/../../../../avr/lib/avr5\libc.a(vfprintf_p.o)
 .text.avr-libc
                0x00000000       0x1e c:/users/ldubies/.platformio/packages/toolchain-atmelavr/bin/../lib/gcc/avr/7.3.0/../../../../avr/lib/avr5\libc.a(vfprintf_p.o)
 .comment       0x00000000       0x12 c:/users/ldubies/.platformio/packages/toolchain-atmelavr/bin/../lib/gcc/avr/7.3.0/../../../../avr/lib/avr5\libc.a(vfprintf_p.o)
 .text          0x00000000        0x0 c:/users/ldubies/.platformio/packages/toolchain-atmelavr/bin/../lib/gcc/avr/7.3.0/../../../../avr/lib/avr5\libc.a(vfprintf_std.o)
 .data          0x00000000        0x0 c:/users/ldubies/.platformio/packages/toolchain-atmelavr/bin/../lib/gcc/avr/7.3.0/../../../../avr/lib/avr5\libc.a(vfprintf_std.o)
 .bss           0x00000000        0x0 c:/users/ldubies/.platformio/packages/toolchain-atmelavr/bin/../lib/gcc/avr/7.3.0/../../../../avr/lib/avr5\libc.a(vfprintf_std.o)
 .text          0x00000000        0x0 c:/users/ldubies/.platformio/packages/toolchain-atmelavr/bin/../lib/gcc/avr/7.3.0/../../../../avr/lib/avr5\libc.a(strnlen_P.o)
 .data          0x00000000        0x0 c:/users/ldubies/.platformio/packages/toolchain-atmelavr/bin/../lib/gcc/avr/7.3.0/../../../../avr/lib/avr5\libc.a(strnlen_P.o)
 .bss           0x00000000        0x0 c:/users/ldubies/.platformio/packages/toolchain-atmelavr/bin/../lib/gcc/avr/7.3.0/../../../../avr/lib/avr5\libc.a(strnlen_P.o)
 .text          0x00000000        0x0 c:/users/ldubies/.platformio/packages/toolchain-atmelavr/bin/../lib/gcc/avr/7.3.0/../../../../avr/lib/avr5\libc.a(strnlen.o)
 .data          0x00000000        0x0 c:/users/ldubies/.platformio/packages/toolchain-atmelavr/bin/../lib/gcc/avr/7.3.0/../../../../avr/lib/avr5\libc.a(strnlen.o)
 .bss           0x00000000        0x0 c:/users/ldubies/.platformio/packages/toolchain-atmelavr/bin/../lib/gcc/avr/7.3.0/../../../../avr/lib/avr5\libc.a(strnlen.o)
 .text          0x00000000        0x0 c:/users/ldubies/.platformio/packages/toolchain-atmelavr/bin/../lib/gcc/avr/7.3.0/../../../../avr/lib/avr5\libc.a(fputc.o)
 .data          0x00000000        0x0 c:/users/ldubies/.platformio/packages/toolchain-atmelavr/bin/../lib/gcc/avr/7.3.0/../../../../avr/lib/avr5\libc.a(fputc.o)
 .bss           0x00000000        0x0 c:/users/ldubies/.platformio/packages/toolchain-atmelavr/bin/../lib/gcc/avr/7.3.0/../../../../avr/lib/avr5\libc.a(fputc.o)
 .text          0x00000000        0x0 c:/users/ldubies/.platformio/packages/toolchain-atmelavr/bin/../lib/gcc/avr/7.3.0/../../../../avr/lib/avr5\libc.a(ultoa_invert.o)
 .data          0x00000000        0x0 c:/users/ldubies/.platformio/packages/toolchain-atmelavr/bin/../lib/gcc/avr/7.3.0/../../../../avr/lib/avr5\libc.a(ultoa_invert.o)
 .bss           0x00000000        0x0 c:/users/ldubies/.platformio/packages/toolchain-atmelavr/bin/../lib/gcc/avr/7.3.0/../../../../avr/lib/avr5\libc.a(ultoa_invert.o)
 .text          0x00000000        0x0 c:/users/ldubies/.platformio/packages/toolchain-atmelavr/bin/../lib/gcc/avr/7.3.0/../../../../avr/lib/avr5\libatmega328p.a(eerd_block.o)
 .data          0x00000000        0x0 c:/users/ldubies/.platformio/packages/toolchain-atmelavr/bin/../lib/gcc/avr/7.3.0/../../../../avr/lib/avr5\libatmega328p.a(eerd_block.o)
 .bss           0x00000000        0x0 c:/users/ldubies/.platformio/packages/toolchain-atmelavr/bin/../lib/gcc/avr/7.3.0/../../../../avr/lib/avr5\libatmega328p.a(eerd_block.o)
 .text          0x00000000        0x0 c:/users/ldubies/.platformio/packages/toolchain-atmelavr/bin/../lib/gcc/avr/7.3.0/../../../../avr/lib/avr5\libatmega328p.a(eerd_byte.o)
 .data          0x00000000        0x0 c:/users/ldubies/.platformio/packages/toolchain-atmelavr/bin/../lib/gcc/avr/7.3.0/../../../../avr/lib/avr5\libatmega328p.a(eerd_byte.o)
 .bss           0x00000000        0x0 c:/users/ldubies/.platformio/packages/toolchain-atmelavr/bin/../lib/gcc/avr/7.3.0/../../../../avr/lib/avr5\libatmega328p.a(eerd_byte.o)
 .text          0x00000000        0x0 c:/users/ldubies/.platformio/packages/toolchain-atmelavr/bin/../lib/gcc/avr/7.3.0/../../../../avr/lib/avr5\libatmega328p.a(eerd_word.o)
 .data          0x00000000        0x0 c:/users/ldubies/.platformio/packages/toolchain-atmelavr/bin/../lib/gcc/avr/7.3.0/../../../../avr/lib/avr5\libatmega328p.a(eerd_word.o)
 .bss           0x00000000        0x0 c:/users/ldubies/.platformio/packages/toolchain-atmelavr/bin/../lib/gcc/avr/7.3.0/../../../../avr/lib/avr5\libatmega328p.a(eerd_word.o)
 .text          0x00000000        0x0 c:/users/ldubies/.platformio/packages/toolchain-atmelavr/bin/../lib/gcc/avr/7.3.0/avr5\libgcc.a(_prologue.o)
 .data          0x00000000        0x0 c:/users/ldubies/.platformio/packages/toolchain-atmelavr/bin/../lib/gcc/avr/7.3.0/avr5\libgcc.a(_prologue.o)
 .bss           0x00000000        0x0 c:/users/ldubies/.platformio/packages/toolchain-atmelavr/bin/../lib/gcc/avr/7.3.0/avr5\libgcc.a(_prologue.o)
 .text.libgcc.mul
                0x00000000        0x0 c:/users/ldubies/.platformio/packages/toolchain-atmelavr/bin/../lib/gcc/avr/7.3.0/avr5\libgcc.a(_prologue.o)
 .text.libgcc.div
                0x00000000        0x0 c:/users/ldubies/.platformio/packages/toolchain-atmelavr/bin/../lib/gcc/avr/7.3.0/avr5\libgcc.a(_prologue.o)
 .text.libgcc   0x00000000        0x0 c:/users/ldubies/.platformio/packages/toolchain-atmelavr/bin/../lib/gcc/avr/7.3.0/avr5\libgcc.a(_prologue.o)
 .text.libgcc.builtins
                0x00000000        0x0 c:/users/ldubies/.platformio/packages/toolchain-atmelavr/bin/../lib/gcc/avr/7.3.0/avr5\libgcc.a(_prologue.o)
 .text.libgcc.fmul
                0x00000000        0x0 c:/users/ldubies/.platformio/packages/toolchain-atmelavr/bin/../lib/gcc/avr/7.3.0/avr5\libgcc.a(_prologue.o)
 .text.libgcc.fixed
                0x00000000        0x0 c:/users/ldubies/.platformio/packages/toolchain-atmelavr/bin/../lib/gcc/avr/7.3.0/avr5\libgcc.a(_prologue.o)
 .text          0x00000000        0x0 c:/users/ldubies/.platformio/packages/toolchain-atmelavr/bin/../lib/gcc/avr/7.3.0/avr5\libgcc.a(_epilogue.o)
 .data          0x00000000        0x0 c:/users/ldubies/.platformio/packages/toolchain-atmelavr/bin/../lib/gcc/avr/7.3.0/avr5\libgcc.a(_epilogue.o)
 .bss           0x00000000        0x0 c:/users/ldubies/.platformio/packages/toolchain-atmelavr/bin/../lib/gcc/avr/7.3.0/avr5\libgcc.a(_epilogue.o)
 .text.libgcc.mul
                0x00000000        0x0 c:/users/ldubies/.platformio/packages/toolchain-atmelavr/bin/../lib/gcc/avr/7.3.0/avr5\libgcc.a(_epilogue.o)
 .text.libgcc.div
                0x00000000        0x0 c:/users/ldubies/.platformio/packages/toolchain-atmelavr/bin/../lib/gcc/avr/7.3.0/avr5\libgcc.a(_epilogue.o)
 .text.libgcc   0x00000000        0x0 c:/users/ldubies/.platformio/packages/toolchain-atmelavr/bin/../lib/gcc/avr/7.3.0/avr5\libgcc.a(_epilogue.o)
 .text.libgcc.builtins
                0x00000000        0x0 c:/users/ldubies/.platformio/packages/toolchain-atmelavr/bin/../lib/gcc/avr/7.3.0/avr5\libgcc.a(_epilogue.o)
 .text.libgcc.fmul
                0x00000000        0x0 c:/users/ldubies/.platformio/packages/toolchain-atmelavr/bin/../lib/gcc/avr/7.3.0/avr5\libgcc.a(_epilogue.o)
 .text.libgcc.fixed
                0x00000000        0x0 c:/users/ldubies/.platformio/packages/toolchain-atmelavr/bin/../lib/gcc/avr/7.3.0/avr5\libgcc.a(_epilogue.o)
 .text          0x00000000        0x0 c:/users/ldubies/.platformio/packages/toolchain-atmelavr/bin/../lib/gcc/avr/7.3.0/avr5\libgcc.a(_copy_data.o)
 .data          0x00000000        0x0 c:/users/ldubies/.platformio/packages/toolchain-atmelavr/bin/../lib/gcc/avr/7.3.0/avr5\libgcc.a(_copy_data.o)
 .bss           0x00000000        0x0 c:/users/ldubies/.platformio/packages/toolchain-atmelavr/bin/../lib/gcc/avr/7.3.0/avr5\libgcc.a(_copy_data.o)
 .text.libgcc.mul
                0x00000000        0x0 c:/users/ldubies/.platformio/packages/toolchain-atmelavr/bin/../lib/gcc/avr/7.3.0/avr5\libgcc.a(_copy_data.o)
 .text.libgcc.div
                0x00000000        0x0 c:/users/ldubies/.platformio/packages/toolchain-atmelavr/bin/../lib/gcc/avr/7.3.0/avr5\libgcc.a(_copy_data.o)
 .text.libgcc   0x00000000        0x0 c:/users/ldubies/.platformio/packages/toolchain-atmelavr/bin/../lib/gcc/avr/7.3.0/avr5\libgcc.a(_copy_data.o)
 .text.libgcc.prologue
                0x00000000        0x0 c:/users/ldubies/.platformio/packages/toolchain-atmelavr/bin/../lib/gcc/avr/7.3.0/avr5\libgcc.a(_copy_data.o)
 .text.libgcc.builtins
                0x00000000        0x0 c:/users/ldubies/.platformio/packages/toolchain-atmelavr/bin/../lib/gcc/avr/7.3.0/avr5\libgcc.a(_copy_data.o)
 .text.libgcc.fmul
                0x00000000        0x0 c:/users/ldubies/.platformio/packages/toolchain-atmelavr/bin/../lib/gcc/avr/7.3.0/avr5\libgcc.a(_copy_data.o)
 .text.libgcc.fixed
                0x00000000        0x0 c:/users/ldubies/.platformio/packages/toolchain-atmelavr/bin/../lib/gcc/avr/7.3.0/avr5\libgcc.a(_copy_data.o)
 .text          0x00000000        0x0 c:/users/ldubies/.platformio/packages/toolchain-atmelavr/bin/../lib/gcc/avr/7.3.0/avr5\libgcc.a(_clear_bss.o)
 .data          0x00000000        0x0 c:/users/ldubies/.platformio/packages/toolchain-atmelavr/bin/../lib/gcc/avr/7.3.0/avr5\libgcc.a(_clear_bss.o)
 .bss           0x00000000        0x0 c:/users/ldubies/.platformio/packages/toolchain-atmelavr/bin/../lib/gcc/avr/7.3.0/avr5\libgcc.a(_clear_bss.o)
 .text.libgcc.mul
                0x00000000        0x0 c:/users/ldubies/.platformio/packages/toolchain-atmelavr/bin/../lib/gcc/avr/7.3.0/avr5\libgcc.a(_clear_bss.o)
 .text.libgcc.div
                0x00000000        0x0 c:/users/ldubies/.platformio/packages/toolchain-atmelavr/bin/../lib/gcc/avr/7.3.0/avr5\libgcc.a(_clear_bss.o)
 .text.libgcc   0x00000000        0x0 c:/users/ldubies/.platformio/packages/toolchain-atmelavr/bin/../lib/gcc/avr/7.3.0/avr5\libgcc.a(_clear_bss.o)
 .text.libgcc.prologue
                0x00000000        0x0 c:/users/ldubies/.platformio/packages/toolchain-atmelavr/bin/../lib/gcc/avr/7.3.0/avr5\libgcc.a(_clear_bss.o)
 .text.libgcc.builtins
                0x00000000        0x0 c:/users/ldubies/.platformio/packages/toolchain-atmelavr/bin/../lib/gcc/avr/7.3.0/avr5\libgcc.a(_clear_bss.o)
 .text.libgcc.fmul
                0x00000000        0x0 c:/users/ldubies/.platformio/packages/toolchain-atmelavr/bin/../lib/gcc/avr/7.3.0/avr5\libgcc.a(_clear_bss.o)
 .text.libgcc.fixed
                0x00000000        0x0 c:/users/ldubies/.platformio/packages/toolchain-atmelavr/bin/../lib/gcc/avr/7.3.0/avr5\libgcc.a(_clear_bss.o)
 .text          0x00000000        0x0 c:/users/ldubies/.platformio/packages/toolchain-atmelavr/bin/../lib/gcc/avr/7.3.0/avr5\libgcc.a(_ctors.o)
 .data          0x00000000        0x0 c:/users/ldubies/.platformio/packages/toolchain-atmelavr/bin/../lib/gcc/avr/7.3.0/avr5\libgcc.a(_ctors.o)
 .bss           0x00000000        0x0 c:/users/ldubies/.platformio/packages/toolchain-atmelavr/bin/../lib/gcc/avr/7.3.0/avr5\libgcc.a(_ctors.o)
 .text.libgcc.mul
                0x00000000        0x0 c:/users/ldubies/.platformio/packages/toolchain-atmelavr/bin/../lib/gcc/avr/7.3.0/avr5\libgcc.a(_ctors.o)
 .text.libgcc.div
                0x00000000        0x0 c:/users/ldubies/.platformio/packages/toolchain-atmelavr/bin/../lib/gcc/avr/7.3.0/avr5\libgcc.a(_ctors.o)
 .text.libgcc   0x00000000        0x0 c:/users/ldubies/.platformio/packages/toolchain-atmelavr/bin/../lib/gcc/avr/7.3.0/avr5\libgcc.a(_ctors.o)
 .text.libgcc.prologue
                0x00000000        0x0 c:/users/ldubies/.platformio/packages/toolchain-atmelavr/bin/../lib/gcc/avr/7.3.0/avr5\libgcc.a(_ctors.o)
 .text.libgcc.builtins
                0x00000000        0x0 c:/users/ldubies/.platformio/packages/toolchain-atmelavr/bin/../lib/gcc/avr/7.3.0/avr5\libgcc.a(_ctors.o)
 .text.libgcc.fmul
                0x00000000        0x0 c:/users/ldubies/.platformio/packages/toolchain-atmelavr/bin/../lib/gcc/avr/7.3.0/avr5\libgcc.a(_ctors.o)
 .text.libgcc.fixed
                0x00000000        0x0 c:/users/ldubies/.platformio/packages/toolchain-atmelavr/bin/../lib/gcc/avr/7.3.0/avr5\libgcc.a(_ctors.o)
 .text          0x00000000        0x0 c:/users/ldubies/.platformio/packages/toolchain-atmelavr/bin/../lib/gcc/avr/7.3.0/avr5\libgcc.a(_tablejump2.o)
 .data          0x00000000        0x0 c:/users/ldubies/.platformio/packages/toolchain-atmelavr/bin/../lib/gcc/avr/7.3.0/avr5\libgcc.a(_tablejump2.o)
 .bss           0x00000000        0x0 c:/users/ldubies/.platformio/packages/toolchain-atmelavr/bin/../lib/gcc/avr/7.3.0/avr5\libgcc.a(_tablejump2.o)
 .text.libgcc.mul
                0x00000000        0x0 c:/users/ldubies/.platformio/packages/toolchain-atmelavr/bin/../lib/gcc/avr/7.3.0/avr5\libgcc.a(_tablejump2.o)
 .text.libgcc.div
                0x00000000        0x0 c:/users/ldubies/.platformio/packages/toolchain-atmelavr/bin/../lib/gcc/avr/7.3.0/avr5\libgcc.a(_tablejump2.o)
 .text.libgcc.prologue
                0x00000000        0x0 c:/users/ldubies/.platformio/packages/toolchain-atmelavr/bin/../lib/gcc/avr/7.3.0/avr5\libgcc.a(_tablejump2.o)
 .text.libgcc.builtins
                0x00000000        0x0 c:/users/ldubies/.platformio/packages/toolchain-atmelavr/bin/../lib/gcc/avr/7.3.0/avr5\libgcc.a(_tablejump2.o)
 .text.libgcc.fmul
                0x00000000        0x0 c:/users/ldubies/.platformio/packages/toolchain-atmelavr/bin/../lib/gcc/avr/7.3.0/avr5\libgcc.a(_tablejump2.o)
 .text.libgcc.fixed
                0x00000000        0x0 c:/users/ldubies/.platformio/packages/toolchain-atmelavr/bin/../lib/gcc/avr/7.3.0/avr5\libgcc.a(_tablejump2.o)

Memory Configuration

Name             Origin             Length             Attributes
text             0x00000000         0x00020000         xr
data             0x00800060         0x0000ffa0         rw !x
eeprom           0x00810000         0x00010000         rw !x
fuse             0x00820000         0x00000003         rw !x
lock             0x00830000         0x00000400         rw !x
signature        0x00840000         0x00000400         rw !x
user_signatures  0x00850000         0x00000400         rw !x
*default*        0x00000000         0xffffffff

Linker script and memory map

Address of section .data set to 0x800100
LOAD c:/users/ldubies/.platformio/packages/toolchain-atmelavr/bin/../lib/gcc/avr/7.3.0/../../../../avr/lib/avr5/crtatmega328p.o
LOAD .pio\build\ATmega328P\src\main.cpp.o
LOAD C:\Users\ldubies\AppData\Local\Temp\ccI9JQwb.ltrans0.ltrans.o
START GROUP
LOAD .pio\build\ATmega328P\libFrameworkArduinoVariant.a
LOAD .pio\build\ATmega328P\libFrameworkArduino.a
END GROUP
LOAD c:/users/ldubies/.platformio/packages/toolchain-atmelavr/bin/../lib/gcc/avr/7.3.0/avr5\libgcc.a
LOAD c:/users/ldubies/.platformio/packages/toolchain-atmelavr/bin/../lib/gcc/avr/7.3.0/../../../../avr/lib/avr5\libm.a
START GROUP
LOAD c:/users/ldubies/.platformio/packages/toolchain-atmelavr/bin/../lib/gcc/avr/7.3.0/avr5\libgcc.a
LOAD c:/users/ldubies/.platformio/packages/toolchain-atmelavr/bin/../lib/gcc/avr/7.3.0/../../../../avr/lib/avr5\libm.a
LOAD c:/users/ldubies/.platformio/packages/toolchain-atmelavr/bin/../lib/gcc/avr/7.3.0/../../../../avr/lib/avr5\libc.a
LOAD c:/users/ldubies/.platformio/packages/toolchain-atmelavr/bin/../lib/gcc/avr/7.3.0/../../../../avr/lib/avr5\libatmega328p.a
END GROUP
                0x00020000                __TEXT_REGION_LENGTH__ = DEFINED (__TEXT_REGION_LENGTH__)?__TEXT_REGION_LENGTH__:0x20000
                0x0000ffa0                __DATA_REGION_LENGTH__ = DEFINED (__DATA_REGION_LENGTH__)?__DATA_REGION_LENGTH__:0xffa0
                0x00010000                __EEPROM_REGION_LENGTH__ = DEFINED (__EEPROM_REGION_LENGTH__)?__EEPROM_REGION_LENGTH__:0x10000
                [0x00000003]                __FUSE_REGION_LENGTH__ = DEFINED (__FUSE_REGION_LENGTH__)?__FUSE_REGION_LENGTH__:0x400
                0x00000400                __LOCK_REGION_LENGTH__ = DEFINED (__LOCK_REGION_LENGTH__)?__LOCK_REGION_LENGTH__:0x400
                0x00000400                __SIGNATURE_REGION_LENGTH__ = DEFINED (__SIGNATURE_REGION_LENGTH__)?__SIGNATURE_REGION_LENGTH__:0x400
                0x00000400                __USER_SIGNATURE_REGION_LENGTH__ = DEFINED (__USER_SIGNATURE_REGION_LENGTH__)?__USER_SIGNATURE_REGION_LENGTH__:0x400

.hash
 *(.hash)

.dynsym
 *(.dynsym)

.dynstr
 *(.dynstr)

.gnu.version
 *(.gnu.version)

.gnu.version_d
 *(.gnu.version_d)

.gnu.version_r
 *(.gnu.version_r)

.rel.init
 *(.rel.init)

.rela.init
 *(.rela.init)

.rel.text
 *(.rel.text)
 *(.rel.text.*)
 *(.rel.gnu.linkonce.t*)

.rela.text
 *(.rela.text)
 *(.rela.text.*)
 *(.rela.gnu.linkonce.t*)

.rel.fini
 *(.rel.fini)

.rela.fini
 *(.rela.fini)

.rel.rodata
 *(.rel.rodata)
 *(.rel.rodata.*)
 *(.rel.gnu.linkonce.r*)

.rela.rodata
 *(.rela.rodata)
 *(.rela.rodata.*)
 *(.rela.gnu.linkonce.r*)

.rel.data
 *(.rel.data)
 *(.rel.data.*)
 *(.rel.gnu.linkonce.d*)

.rela.data
 *(.rela.data)
 *(.rela.data.*)
 *(.rela.gnu.linkonce.d*)

.rel.ctors
 *(.rel.ctors)

.rela.ctors
 *(.rela.ctors)

.rel.dtors
 *(.rel.dtors)

.rela.dtors
 *(.rela.dtors)

.rel.got
 *(.rel.got)

.rela.got
 *(.rela.got)

.rel.bss
 *(.rel.bss)

.rela.bss
 *(.rela.bss)

.rel.plt
 *(.rel.plt)

.rela.plt
 *(.rela.plt)

.text           0x00000000      0xee0
 *(.vectors)
 .vectors       0x00000000       0x68 c:/users/ldubies/.platformio/packages/toolchain-atmelavr/bin/../lib/gcc/avr/7.3.0/../../../../avr/lib/avr5/crtatmega328p.o
                0x00000000                __vector_default
                0x00000000                __vectors
 *(.vectors)
 *(.progmem.gcc*)
                0x00000068                . = ALIGN (0x2)
                0x00000068                __trampolines_start = .
 *(.trampolines)
 .trampolines   0x00000068        0x0 linker stubs
 *(.trampolines*)
                0x00000068                __trampolines_end = .
 *libprintf_flt.a:*(.progmem.data)
 *libc.a:*(.progmem.data)
 *(.progmem*)
                0x00000068                . = ALIGN (0x2)
 *(.jumptables)
 *(.jumptables*)
 *(.lowtext)
 *(.lowtext*)
                0x00000068                __ctors_start = .
 *(.ctors)
 .ctors         0x00000068        0x2 C:\Users\ldubies\AppData\Local\Temp\ccI9JQwb.ltrans0.ltrans.o
                0x0000006a                __ctors_end = .
                0x0000006a                __dtors_start = .
 *(.dtors)
                0x0000006a                __dtors_end = .
 SORT(*)(.ctors)
 SORT(*)(.dtors)
 *(.init0)
 .init0         0x0000006a        0x0 c:/users/ldubies/.platformio/packages/toolchain-atmelavr/bin/../lib/gcc/avr/7.3.0/../../../../avr/lib/avr5/crtatmega328p.o
                0x0000006a                __init
 *(.init0)
 *(.init1)
 *(.init1)
 *(.init2)
 .init2         0x0000006a        0xc c:/users/ldubies/.platformio/packages/toolchain-atmelavr/bin/../lib/gcc/avr/7.3.0/../../../../avr/lib/avr5/crtatmega328p.o
 *(.init2)
 *(.init3)
 *(.init3)
 *(.init4)
 .init4         0x00000076       0x16 c:/users/ldubies/.platformio/packages/toolchain-atmelavr/bin/../lib/gcc/avr/7.3.0/avr5\libgcc.a(_copy_data.o)
                0x00000076                __do_copy_data
 .init4         0x0000008c       0x10 c:/users/ldubies/.platformio/packages/toolchain-atmelavr/bin/../lib/gcc/avr/7.3.0/avr5\libgcc.a(_clear_bss.o)
                0x0000008c                __do_clear_bss
 *(.init4)
 *(.init5)
 *(.init5)
 *(.init6)
 .init6         0x0000009c       0x16 c:/users/ldubies/.platformio/packages/toolchain-atmelavr/bin/../lib/gcc/avr/7.3.0/avr5\libgcc.a(_ctors.o)
                0x0000009c                __do_global_ctors
 *(.init6)
 *(.init7)
 *(.init7)
 *(.init8)
 *(.init8)
 *(.init9)
 .init9         0x000000b2        0x8 c:/users/ldubies/.platformio/packages/toolchain-atmelavr/bin/../lib/gcc/avr/7.3.0/../../../../avr/lib/avr5/crtatmega328p.o
 *(.init9)
 *(.text)
 .text          0x000000ba        0x4 c:/users/ldubies/.platformio/packages/toolchain-atmelavr/bin/../lib/gcc/avr/7.3.0/../../../../avr/lib/avr5/crtatmega328p.o
                0x000000ba                __vector_22
                0x000000ba                __vector_1
                0x000000ba                __vector_24
                0x000000ba                __vector_12
                0x000000ba                __bad_interrupt
                0x000000ba                __vector_6
                0x000000ba                __vector_3
                0x000000ba                __vector_23
                0x000000ba                __vector_25
                0x000000ba                __vector_11
                0x000000ba                __vector_13
                0x000000ba                __vector_17
                0x000000ba                __vector_7
                0x000000ba                __vector_5
                0x000000ba                __vector_4
                0x000000ba                __vector_9
                0x000000ba                __vector_2
                0x000000ba                __vector_21
                0x000000ba                __vector_15
                0x000000ba                __vector_8
                0x000000ba                __vector_14
                0x000000ba                __vector_10
                0x000000ba                __vector_20
 .text          0x000000be      0x450 C:\Users\ldubies\AppData\Local\Temp\ccI9JQwb.ltrans0.ltrans.o
                0x000003ca                __vector_16
                0x0000045e                __vector_19
                0x000004aa                __vector_18
                0x0000050e                . = ALIGN (0x2)
 *(.text.*)
 .text.startup  0x0000050e      0x41c C:\Users\ldubies\AppData\Local\Temp\ccI9JQwb.ltrans0.ltrans.o
                0x0000050e                main
 .text.avr-libc
                0x0000092a      0x3b4 c:/users/ldubies/.platformio/packages/toolchain-atmelavr/bin/../lib/gcc/avr/7.3.0/../../../../avr/lib/avr5\libc.a(vfprintf_std.o)
                0x0000092a                vfprintf
 .text.avr-libc
                0x00000cde       0x16 c:/users/ldubies/.platformio/packages/toolchain-atmelavr/bin/../lib/gcc/avr/7.3.0/../../../../avr/lib/avr5\libc.a(strnlen_P.o)
                0x00000cde                strnlen_P
 .text.avr-libc
                0x00000cf4       0x16 c:/users/ldubies/.platformio/packages/toolchain-atmelavr/bin/../lib/gcc/avr/7.3.0/../../../../avr/lib/avr5\libc.a(strnlen.o)
                0x00000cf4                strnlen
 .text.avr-libc
                0x00000d0a       0x60 c:/users/ldubies/.platformio/packages/toolchain-atmelavr/bin/../lib/gcc/avr/7.3.0/../../../../avr/lib/avr5\libc.a(fputc.o)
                0x00000d0a                fputc
 .text.avr-libc
                0x00000d6a       0xbc c:/users/ldubies/.platformio/packages/toolchain-atmelavr/bin/../lib/gcc/avr/7.3.0/../../../../avr/lib/avr5\libc.a(ultoa_invert.o)
                0x00000d6a                __ultoa_invert
 .text.avr-libc
                0x00000e26       0x20 c:/users/ldubies/.platformio/packages/toolchain-atmelavr/bin/../lib/gcc/avr/7.3.0/../../../../avr/lib/avr5\libatmega328p.a(eerd_block.o)
                0x00000e26                eeprom_read_block
                0x00000e2a                eeprom_read_blraw
 .text.avr-libc
                0x00000e46       0x10 c:/users/ldubies/.platformio/packages/toolchain-atmelavr/bin/../lib/gcc/avr/7.3.0/../../../../avr/lib/avr5\libatmega328p.a(eerd_byte.o)
                0x00000e46                eeprom_read_byte
 .text.avr-libc
                0x00000e56        0xc c:/users/ldubies/.platformio/packages/toolchain-atmelavr/bin/../lib/gcc/avr/7.3.0/../../../../avr/lib/avr5\libatmega328p.a(eerd_word.o)
                0x00000e56                eeprom_read_word
 .text.libgcc.prologue
                0x00000e62       0x38 c:/users/ldubies/.platformio/packages/toolchain-atmelavr/bin/../lib/gcc/avr/7.3.0/avr5\libgcc.a(_prologue.o)
                0x00000e62                __prologue_saves__
 .text.libgcc.prologue
                0x00000e9a       0x36 c:/users/ldubies/.platformio/packages/toolchain-atmelavr/bin/../lib/gcc/avr/7.3.0/avr5\libgcc.a(_epilogue.o)
                0x00000e9a                __epilogue_restores__
 .text.libgcc   0x00000ed0        0xc c:/users/ldubies/.platformio/packages/toolchain-atmelavr/bin/../lib/gcc/avr/7.3.0/avr5\libgcc.a(_tablejump2.o)
                0x00000ed0                __tablejump2__
                0x00000edc                . = ALIGN (0x2)
 *(.fini9)
 .fini9         0x00000edc        0x0 c:/users/ldubies/.platformio/packages/toolchain-atmelavr/bin/../lib/gcc/avr/7.3.0/avr5\libgcc.a(_exit.o)
                0x00000edc                _exit
                0x00000edc                exit
 *(.fini9)
 *(.fini8)
 *(.fini8)
 *(.fini7)
 *(.fini7)
 *(.fini6)
 *(.fini6)
 *(.fini5)
 *(.fini5)
 *(.fini4)
 *(.fini4)
 *(.fini3)
 *(.fini3)
 *(.fini2)
 *(.fini2)
 *(.fini1)
 *(.fini1)
 *(.fini0)
 .fini0         0x00000edc        0x4 c:/users/ldubies/.platformio/packages/toolchain-atmelavr/bin/../lib/gcc/avr/7.3.0/avr5\libgcc.a(_exit.o)
 *(.fini0)
                0x00000ee0                _etext = .

.data           0x00800100      0x340 load address 0x00000ee0
                0x00800100                PROVIDE (__data_start, .)
 *(.data)
 *(.data*)
 *(.gnu.linkonce.d*)
 *(.rodata)
 .rodata        0x00800100       0x12 C:\Users\ldubies\AppData\Local\Temp\ccI9JQwb.ltrans0.ltrans.o
 *(.rodata*)
 .rodata.str1.1
                0x00800112      0x32e C:\Users\ldubies\AppData\Local\Temp\ccI9JQwb.ltrans0.ltrans.o
                                0x330 (size before relaxing)
 *(.gnu.linkonce.r*)
                0x00800440                . = ALIGN (0x2)
                0x00800440                _edata = .
                0x00800440                PROVIDE (__data_end, .)

.bss            0x00800440       0xa6
                0x00800440                PROVIDE (__bss_start, .)
 *(.bss)
 .bss           0x00800440       0xa6 C:\Users\ldubies\AppData\Local\Temp\ccI9JQwb.ltrans0.ltrans.o
 *(.bss*)
 *(COMMON)
                0x008004e6                PROVIDE (__bss_end, .)
                0x00000ee0                __data_load_start = LOADADDR (.data)
                0x00001220                __data_load_end = (__data_load_start + SIZEOF (.data))

.noinit         0x008004e6        0x0
                [!provide]                PROVIDE (__noinit_start, .)
 *(.noinit*)
                [!provide]                PROVIDE (__noinit_end, .)
                0x008004e6                _end = .
                [!provide]                PROVIDE (__heap_start, .)

.eeprom         0x00810000        0x0
                0x81000000                paraBlkSafety_blkhdr = 0x81000000
                0x81000010                array = 0x81000010
                0x81000100                hello = 0x81000100
                0x8100010e                val = 0x8100010e
                0x81000110                birthday = 0x81000110
                0x81000114                negativePi = 0x81000114
                0x810001fc                crc2 = 0x810001fc
                0x81000200                structTestBlock_blkhdr = 0x81000200
                0x81000210                simpy = 0x81000210
                0x81000213                biggy = 0x81000213
 *(.eeprom*)
                0x00810000                __eeprom_end = .

.fuse
 *(.fuse)
 *(.lfuse)
 *(.hfuse)
 *(.efuse)

.lock
 *(.lock*)

.signature
 *(.signature*)

.user_signatures
 *(.user_signatures*)

.stab
 *(.stab)

.stabstr
 *(.stabstr)

.stab.excl
 *(.stab.excl)

.stab.exclstr
 *(.stab.exclstr)

.stab.index
 *(.stab.index)

.stab.indexstr
 *(.stab.indexstr)

.comment        0x00000000       0x11
 *(.comment)
 .comment       0x00000000       0x12 C:\Users\ldubies\AppData\Local\Temp\ccI9JQwb.ltrans0.ltrans.o
 .comment       0x00000000       0x11 c:/users/ldubies/.platformio/packages/toolchain-atmelavr/bin/../lib/gcc/avr/7.3.0/../../../../avr/lib/avr5\libc.a(vfprintf_std.o)
                                 0x12 (size before relaxing)
 .comment       0x00000011       0x12 c:/users/ldubies/.platformio/packages/toolchain-atmelavr/bin/../lib/gcc/avr/7.3.0/../../../../avr/lib/avr5\libc.a(fputc.o)

.note.gnu.avr.deviceinfo
                0x00000000       0x40
 .note.gnu.avr.deviceinfo
                0x00000000       0x40 c:/users/ldubies/.platformio/packages/toolchain-atmelavr/bin/../lib/gcc/avr/7.3.0/../../../../avr/lib/avr5/crtatmega328p.o

.note.gnu.build-id
 *(.note.gnu.build-id)

.debug
 *(.debug)

.line
 *(.line)

.debug_srcinfo
 *(.debug_srcinfo)

.debug_sfnames
 *(.debug_sfnames)

.debug_aranges  0x00000000       0xe0
 *(.debug_aranges)
 .debug_aranges
                0x00000000       0x20 c:/users/ldubies/.platformio/packages/toolchain-atmelavr/bin/../lib/gcc/avr/7.3.0/avr5\libgcc.a(_exit.o)
 .debug_aranges
                0x00000020       0x20 c:/users/ldubies/.platformio/packages/toolchain-atmelavr/bin/../lib/gcc/avr/7.3.0/avr5\libgcc.a(_prologue.o)
 .debug_aranges
                0x00000040       0x20 c:/users/ldubies/.platformio/packages/toolchain-atmelavr/bin/../lib/gcc/avr/7.3.0/avr5\libgcc.a(_epilogue.o)
 .debug_aranges
                0x00000060       0x20 c:/users/ldubies/.platformio/packages/toolchain-atmelavr/bin/../lib/gcc/avr/7.3.0/avr5\libgcc.a(_copy_data.o)
 .debug_aranges
                0x00000080       0x20 c:/users/ldubies/.platformio/packages/toolchain-atmelavr/bin/../lib/gcc/avr/7.3.0/avr5\libgcc.a(_clear_bss.o)
 .debug_aranges
                0x000000a0       0x20 c:/users/ldubies/.platformio/packages/toolchain-atmelavr/bin/../lib/gcc/avr/7.3.0/avr5\libgcc.a(_ctors.o)
 .debug_aranges
                0x000000c0       0x20 c:/users/ldubies/.platformio/packages/toolchain-atmelavr/bin/../lib/gcc/avr/7.3.0/avr5\libgcc.a(_tablejump2.o)

.debug_pubnames
 *(.debug_pubnames)

.debug_info     0x00000000      0xb11
 *(.debug_info .gnu.linkonce.wi.*)
 .debug_info    0x00000000      0x5f4 c:/users/ldubies/.platformio/packages/toolchain-atmelavr/bin/../lib/gcc/avr/7.3.0/../../../../avr/lib/avr5/crtatmega328p.o
 .debug_info    0x000005f4       0xbb c:/users/ldubies/.platformio/packages/toolchain-atmelavr/bin/../lib/gcc/avr/7.3.0/avr5\libgcc.a(_exit.o)
 .debug_info    0x000006af       0xbb c:/users/ldubies/.platformio/packages/toolchain-atmelavr/bin/../lib/gcc/avr/7.3.0/avr5\libgcc.a(_prologue.o)
 .debug_info    0x0000076a       0xbb c:/users/ldubies/.platformio/packages/toolchain-atmelavr/bin/../lib/gcc/avr/7.3.0/avr5\libgcc.a(_epilogue.o)
 .debug_info    0x00000825       0xbb c:/users/ldubies/.platformio/packages/toolchain-atmelavr/bin/../lib/gcc/avr/7.3.0/avr5\libgcc.a(_copy_data.o)
 .debug_info    0x000008e0       0xbb c:/users/ldubies/.platformio/packages/toolchain-atmelavr/bin/../lib/gcc/avr/7.3.0/avr5\libgcc.a(_clear_bss.o)
 .debug_info    0x0000099b       0xbb c:/users/ldubies/.platformio/packages/toolchain-atmelavr/bin/../lib/gcc/avr/7.3.0/avr5\libgcc.a(_ctors.o)
 .debug_info    0x00000a56       0xbb c:/users/ldubies/.platformio/packages/toolchain-atmelavr/bin/../lib/gcc/avr/7.3.0/avr5\libgcc.a(_tablejump2.o)

.debug_abbrev   0x00000000      0x62e
 *(.debug_abbrev)
 .debug_abbrev  0x00000000      0x5a2 c:/users/ldubies/.platformio/packages/toolchain-atmelavr/bin/../lib/gcc/avr/7.3.0/../../../../avr/lib/avr5/crtatmega328p.o
 .debug_abbrev  0x000005a2       0x14 c:/users/ldubies/.platformio/packages/toolchain-atmelavr/bin/../lib/gcc/avr/7.3.0/avr5\libgcc.a(_exit.o)
 .debug_abbrev  0x000005b6       0x14 c:/users/ldubies/.platformio/packages/toolchain-atmelavr/bin/../lib/gcc/avr/7.3.0/avr5\libgcc.a(_prologue.o)
 .debug_abbrev  0x000005ca       0x14 c:/users/ldubies/.platformio/packages/toolchain-atmelavr/bin/../lib/gcc/avr/7.3.0/avr5\libgcc.a(_epilogue.o)
 .debug_abbrev  0x000005de       0x14 c:/users/ldubies/.platformio/packages/toolchain-atmelavr/bin/../lib/gcc/avr/7.3.0/avr5\libgcc.a(_copy_data.o)
 .debug_abbrev  0x000005f2       0x14 c:/users/ldubies/.platformio/packages/toolchain-atmelavr/bin/../lib/gcc/avr/7.3.0/avr5\libgcc.a(_clear_bss.o)
 .debug_abbrev  0x00000606       0x14 c:/users/ldubies/.platformio/packages/toolchain-atmelavr/bin/../lib/gcc/avr/7.3.0/avr5\libgcc.a(_ctors.o)
 .debug_abbrev  0x0000061a       0x14 c:/users/ldubies/.platformio/packages/toolchain-atmelavr/bin/../lib/gcc/avr/7.3.0/avr5\libgcc.a(_tablejump2.o)

.debug_line     0x00000000      0x49c
 *(.debug_line .debug_line.* .debug_line_end)
 .debug_line    0x00000000       0x1a c:/users/ldubies/.platformio/packages/toolchain-atmelavr/bin/../lib/gcc/avr/7.3.0/../../../../avr/lib/avr5/crtatmega328p.o
 .debug_line    0x0000001a       0x62 c:/users/ldubies/.platformio/packages/toolchain-atmelavr/bin/../lib/gcc/avr/7.3.0/avr5\libgcc.a(_exit.o)
 .debug_line    0x0000007c       0xfe c:/users/ldubies/.platformio/packages/toolchain-atmelavr/bin/../lib/gcc/avr/7.3.0/avr5\libgcc.a(_prologue.o)
 .debug_line    0x0000017a       0xf8 c:/users/ldubies/.platformio/packages/toolchain-atmelavr/bin/../lib/gcc/avr/7.3.0/avr5\libgcc.a(_epilogue.o)
 .debug_line    0x00000272       0x98 c:/users/ldubies/.platformio/packages/toolchain-atmelavr/bin/../lib/gcc/avr/7.3.0/avr5\libgcc.a(_copy_data.o)
 .debug_line    0x0000030a       0x86 c:/users/ldubies/.platformio/packages/toolchain-atmelavr/bin/../lib/gcc/avr/7.3.0/avr5\libgcc.a(_clear_bss.o)
 .debug_line    0x00000390       0x92 c:/users/ldubies/.platformio/packages/toolchain-atmelavr/bin/../lib/gcc/avr/7.3.0/avr5\libgcc.a(_ctors.o)
 .debug_line    0x00000422       0x7a c:/users/ldubies/.platformio/packages/toolchain-atmelavr/bin/../lib/gcc/avr/7.3.0/avr5\libgcc.a(_tablejump2.o)

.debug_frame
 *(.debug_frame)

.debug_str      0x00000000      0x208
 *(.debug_str)
 .debug_str     0x00000000      0x208 c:/users/ldubies/.platformio/packages/toolchain-atmelavr/bin/../lib/gcc/avr/7.3.0/../../../../avr/lib/avr5/crtatmega328p.o

.debug_loc
 *(.debug_loc)

.debug_macinfo
 *(.debug_macinfo)

.debug_weaknames
 *(.debug_weaknames)

.debug_funcnames
 *(.debug_funcnames)

.debug_typenames
 *(.debug_typenames)

.debug_varnames
 *(.debug_varnames)

.debug_pubtypes
 *(.debug_pubtypes)

.debug_ranges
 *(.debug_ranges)

.debug_macro
 *(.debug_macro)
OUTPUT(.pio\build\ATmega328P\firmware.elf elf32-avr)
LOAD linker stubs
