Archive member included to satisfy reference by file (symbol)

.pio\build\ATmega328P\libFrameworkArduino.a(HardwareSerial.cpp.o)
                              .pio\build\ATmega328P\src\main.cpp.o (symbol from plugin) (_ZN14HardwareSerial5beginEmh)
.pio\build\ATmega328P\libFrameworkArduino.a(HardwareSerial0.cpp.o)
                              .pio\build\ATmega328P\src\main.cpp.o (symbol from plugin) (Serial)
.pio\build\ATmega328P\libFrameworkArduino.a(Print.cpp.o)
                              HardwareSerial.cpp.o (symbol from plugin) (_ZN5Print5writeEPKhj)
.pio\build\ATmega328P\libFrameworkArduino.a(abi.cpp.o)
                              HardwareSerial0.cpp.o (symbol from plugin) (__cxa_pure_virtual)
.pio\build\ATmega328P\libFrameworkArduino.a(main.cpp.o)
                              c:/users/schulz/.platformio/packages/toolchain-atmelavr/bin/../lib/gcc/avr/5.4.0/../../../../avr/lib/avr5/crtatmega328p.o (main)
.pio\build\ATmega328P\libFrameworkArduino.a(wiring.c.o)
                              .pio\build\ATmega328P\src\main.cpp.o (symbol from plugin) (delay)
.pio\build\ATmega328P\libFrameworkArduino.a(hooks.c.o)
                              wiring.c.o (symbol from plugin) (yield)
c:/users/schulz/.platformio/packages/toolchain-atmelavr/bin/../lib/gcc/avr/5.4.0/avr5\libgcc.a(_exit.o)
                              c:/users/schulz/.platformio/packages/toolchain-atmelavr/bin/../lib/gcc/avr/5.4.0/../../../../avr/lib/avr5/crtatmega328p.o (exit)
c:/users/schulz/.platformio/packages/toolchain-atmelavr/bin/../lib/gcc/avr/5.4.0/../../../../avr/lib/avr5\libc.a(vfprintf_p.o)
                              Print.cpp.o (symbol from plugin) (vfprintf_P)
c:/users/schulz/.platformio/packages/toolchain-atmelavr/bin/../lib/gcc/avr/5.4.0/../../../../avr/lib/avr5\libc.a(vfprintf_std.o)
                              c:/users/schulz/.platformio/packages/toolchain-atmelavr/bin/../lib/gcc/avr/5.4.0/../../../../avr/lib/avr5\libc.a(vfprintf_p.o) (vfprintf)
c:/users/schulz/.platformio/packages/toolchain-atmelavr/bin/../lib/gcc/avr/5.4.0/../../../../avr/lib/avr5\libc.a(strnlen_P.o)
                              c:/users/schulz/.platformio/packages/toolchain-atmelavr/bin/../lib/gcc/avr/5.4.0/../../../../avr/lib/avr5\libc.a(vfprintf_std.o) (strnlen_P)
c:/users/schulz/.platformio/packages/toolchain-atmelavr/bin/../lib/gcc/avr/5.4.0/../../../../avr/lib/avr5\libc.a(strnlen.o)
                              c:/users/schulz/.platformio/packages/toolchain-atmelavr/bin/../lib/gcc/avr/5.4.0/../../../../avr/lib/avr5\libc.a(vfprintf_std.o) (strnlen)
c:/users/schulz/.platformio/packages/toolchain-atmelavr/bin/../lib/gcc/avr/5.4.0/../../../../avr/lib/avr5\libc.a(fputc.o)
                              c:/users/schulz/.platformio/packages/toolchain-atmelavr/bin/../lib/gcc/avr/5.4.0/../../../../avr/lib/avr5\libc.a(vfprintf_std.o) (fputc)
c:/users/schulz/.platformio/packages/toolchain-atmelavr/bin/../lib/gcc/avr/5.4.0/../../../../avr/lib/avr5\libc.a(ultoa_invert.o)
                              c:/users/schulz/.platformio/packages/toolchain-atmelavr/bin/../lib/gcc/avr/5.4.0/../../../../avr/lib/avr5\libc.a(vfprintf_std.o) (__ultoa_invert)
c:/users/schulz/.platformio/packages/toolchain-atmelavr/bin/../lib/gcc/avr/5.4.0/../../../../avr/lib/avr5\libatmega328p.a(eerd_block.o)
                              .pio\build\ATmega328P\src\main.cpp.o (symbol from plugin) (eeprom_read_block)
c:/users/schulz/.platformio/packages/toolchain-atmelavr/bin/../lib/gcc/avr/5.4.0/../../../../avr/lib/avr5\libatmega328p.a(eerd_byte.o)
                              .pio\build\ATmega328P\src\main.cpp.o (symbol from plugin) (eeprom_read_byte)
c:/users/schulz/.platformio/packages/toolchain-atmelavr/bin/../lib/gcc/avr/5.4.0/../../../../avr/lib/avr5\libatmega328p.a(eerd_dword.o)
                              .pio\build\ATmega328P\src\main.cpp.o (symbol from plugin) (eeprom_read_dword)
c:/users/schulz/.platformio/packages/toolchain-atmelavr/bin/../lib/gcc/avr/5.4.0/../../../../avr/lib/avr5\libatmega328p.a(eerd_word.o)
                              .pio\build\ATmega328P\src\main.cpp.o (symbol from plugin) (eeprom_read_word)
c:/users/schulz/.platformio/packages/toolchain-atmelavr/bin/../lib/gcc/avr/5.4.0/avr5\libgcc.a(_prologue.o)
                              c:/users/schulz/.platformio/packages/toolchain-atmelavr/bin/../lib/gcc/avr/5.4.0/../../../../avr/lib/avr5\libc.a(vfprintf_std.o) (__prologue_saves__)
c:/users/schulz/.platformio/packages/toolchain-atmelavr/bin/../lib/gcc/avr/5.4.0/avr5\libgcc.a(_epilogue.o)
                              c:/users/schulz/.platformio/packages/toolchain-atmelavr/bin/../lib/gcc/avr/5.4.0/../../../../avr/lib/avr5\libc.a(vfprintf_std.o) (__epilogue_restores__)
c:/users/schulz/.platformio/packages/toolchain-atmelavr/bin/../lib/gcc/avr/5.4.0/avr5\libgcc.a(_udivmodsi4.o)
                              C:\Users\schulz\AppData\Local\Temp\ccIZRvXT.ltrans0.ltrans.o (__udivmodsi4)
c:/users/schulz/.platformio/packages/toolchain-atmelavr/bin/../lib/gcc/avr/5.4.0/avr5\libgcc.a(_copy_data.o)
                              C:\Users\schulz\AppData\Local\Temp\ccIZRvXT.ltrans0.ltrans.o (__do_copy_data)
c:/users/schulz/.platformio/packages/toolchain-atmelavr/bin/../lib/gcc/avr/5.4.0/avr5\libgcc.a(_clear_bss.o)
                              C:\Users\schulz\AppData\Local\Temp\ccIZRvXT.ltrans0.ltrans.o (__do_clear_bss)
c:/users/schulz/.platformio/packages/toolchain-atmelavr/bin/../lib/gcc/avr/5.4.0/avr5\libgcc.a(_ctors.o)
                              C:\Users\schulz\AppData\Local\Temp\ccIZRvXT.ltrans0.ltrans.o (__do_global_ctors)
c:/users/schulz/.platformio/packages/toolchain-atmelavr/bin/../lib/gcc/avr/5.4.0/avr5\libgcc.a(_tablejump2.o)
                              c:/users/schulz/.platformio/packages/toolchain-atmelavr/bin/../lib/gcc/avr/5.4.0/avr5\libgcc.a(_ctors.o) (__tablejump2__)
c:/users/schulz/.platformio/packages/toolchain-atmelavr/bin/../lib/gcc/avr/5.4.0/../../../../avr/lib/avr5\libc.a(abort.o)
                              C:\Users\schulz\AppData\Local\Temp\ccIZRvXT.ltrans0.ltrans.o (abort)

Discarded input sections

 .data          0x00000000        0x0 c:/users/schulz/.platformio/packages/toolchain-atmelavr/bin/../lib/gcc/avr/5.4.0/../../../../avr/lib/avr5/crtatmega328p.o
 .bss           0x00000000        0x0 c:/users/schulz/.platformio/packages/toolchain-atmelavr/bin/../lib/gcc/avr/5.4.0/../../../../avr/lib/avr5/crtatmega328p.o
 .text          0x00000000        0x0 .pio\build\ATmega328P\src\main.cpp.o (symbol from plugin)
 .gnu.linkonce.t._ZN14HardwareSerial5beginEm
                0x00000000        0x0 .pio\build\ATmega328P\src\main.cpp.o (symbol from plugin)
 .gnu.linkonce.t._ZN5Crc326updateEh
                0x00000000        0x0 .pio\build\ATmega328P\src\main.cpp.o (symbol from plugin)
 .data          0x00000000        0x0 C:\Users\schulz\AppData\Local\Temp\ccIZRvXT.ltrans0.ltrans.o
 .text          0x00000000        0x0 HardwareSerial.cpp.o (symbol from plugin)
 .gnu.linkonce.t._ZTV14HardwareSerial
                0x00000000        0x0 HardwareSerial.cpp.o (symbol from plugin)
 .text          0x00000000        0x0 HardwareSerial0.cpp.o (symbol from plugin)
 .gnu.linkonce.t._ZN5Print17availableForWriteEv
                0x00000000        0x0 HardwareSerial0.cpp.o (symbol from plugin)
 .gnu.linkonce.t._ZN5Print5flushEv
                0x00000000        0x0 HardwareSerial0.cpp.o (symbol from plugin)
 .gnu.linkonce.t._ZN6StreamC5Ev
                0x00000000        0x0 HardwareSerial0.cpp.o (symbol from plugin)
 .gnu.linkonce.t._ZTV6Stream
                0x00000000        0x0 HardwareSerial0.cpp.o (symbol from plugin)
 .gnu.linkonce.t._ZN14HardwareSerial16_rx_complete_irqEv
                0x00000000        0x0 HardwareSerial0.cpp.o (symbol from plugin)
 .text          0x00000000        0x0 Print.cpp.o (symbol from plugin)
 .gnu.linkonce.t._ZN5Print17availableForWriteEv
                0x00000000        0x0 Print.cpp.o (symbol from plugin)
 .gnu.linkonce.t._ZN5Print5flushEv
                0x00000000        0x0 Print.cpp.o (symbol from plugin)
 .gnu.linkonce.t._ZN5Print5writeEPKc
                0x00000000        0x0 Print.cpp.o (symbol from plugin)
 .gnu.linkonce.t._ZN5Print5writeEPKcj
                0x00000000        0x0 Print.cpp.o (symbol from plugin)
 .gnu.linkonce.t._ZTV5Print
                0x00000000        0x0 Print.cpp.o (symbol from plugin)
 .text          0x00000000        0x0 abi.cpp.o (symbol from plugin)
 .text          0x00000000        0x0 main.cpp.o (symbol from plugin)
 .text          0x00000000        0x0 wiring.c.o (symbol from plugin)
 .text          0x00000000        0x0 hooks.c.o (symbol from plugin)
 .text          0x00000000        0x0 c:/users/schulz/.platformio/packages/toolchain-atmelavr/bin/../lib/gcc/avr/5.4.0/avr5\libgcc.a(_exit.o)
 .data          0x00000000        0x0 c:/users/schulz/.platformio/packages/toolchain-atmelavr/bin/../lib/gcc/avr/5.4.0/avr5\libgcc.a(_exit.o)
 .bss           0x00000000        0x0 c:/users/schulz/.platformio/packages/toolchain-atmelavr/bin/../lib/gcc/avr/5.4.0/avr5\libgcc.a(_exit.o)
 .text.libgcc.mul
                0x00000000        0x0 c:/users/schulz/.platformio/packages/toolchain-atmelavr/bin/../lib/gcc/avr/5.4.0/avr5\libgcc.a(_exit.o)
 .text.libgcc.div
                0x00000000        0x0 c:/users/schulz/.platformio/packages/toolchain-atmelavr/bin/../lib/gcc/avr/5.4.0/avr5\libgcc.a(_exit.o)
 .text.libgcc   0x00000000        0x0 c:/users/schulz/.platformio/packages/toolchain-atmelavr/bin/../lib/gcc/avr/5.4.0/avr5\libgcc.a(_exit.o)
 .text.libgcc.prologue
                0x00000000        0x0 c:/users/schulz/.platformio/packages/toolchain-atmelavr/bin/../lib/gcc/avr/5.4.0/avr5\libgcc.a(_exit.o)
 .text.libgcc.builtins
                0x00000000        0x0 c:/users/schulz/.platformio/packages/toolchain-atmelavr/bin/../lib/gcc/avr/5.4.0/avr5\libgcc.a(_exit.o)
 .text.libgcc.fmul
                0x00000000        0x0 c:/users/schulz/.platformio/packages/toolchain-atmelavr/bin/../lib/gcc/avr/5.4.0/avr5\libgcc.a(_exit.o)
 .text.libgcc.fixed
                0x00000000        0x0 c:/users/schulz/.platformio/packages/toolchain-atmelavr/bin/../lib/gcc/avr/5.4.0/avr5\libgcc.a(_exit.o)
 .text          0x00000000        0x0 c:/users/schulz/.platformio/packages/toolchain-atmelavr/bin/../lib/gcc/avr/5.4.0/../../../../avr/lib/avr5\libc.a(vfprintf_p.o)
 .data          0x00000000        0x0 c:/users/schulz/.platformio/packages/toolchain-atmelavr/bin/../lib/gcc/avr/5.4.0/../../../../avr/lib/avr5\libc.a(vfprintf_p.o)
 .bss           0x00000000        0x0 c:/users/schulz/.platformio/packages/toolchain-atmelavr/bin/../lib/gcc/avr/5.4.0/../../../../avr/lib/avr5\libc.a(vfprintf_p.o)
 .text.avr-libc
                0x00000000       0x1e c:/users/schulz/.platformio/packages/toolchain-atmelavr/bin/../lib/gcc/avr/5.4.0/../../../../avr/lib/avr5\libc.a(vfprintf_p.o)
 .comment       0x00000000       0x31 c:/users/schulz/.platformio/packages/toolchain-atmelavr/bin/../lib/gcc/avr/5.4.0/../../../../avr/lib/avr5\libc.a(vfprintf_p.o)
 .text          0x00000000        0x0 c:/users/schulz/.platformio/packages/toolchain-atmelavr/bin/../lib/gcc/avr/5.4.0/../../../../avr/lib/avr5\libc.a(vfprintf_std.o)
 .data          0x00000000        0x0 c:/users/schulz/.platformio/packages/toolchain-atmelavr/bin/../lib/gcc/avr/5.4.0/../../../../avr/lib/avr5\libc.a(vfprintf_std.o)
 .bss           0x00000000        0x0 c:/users/schulz/.platformio/packages/toolchain-atmelavr/bin/../lib/gcc/avr/5.4.0/../../../../avr/lib/avr5\libc.a(vfprintf_std.o)
 .text          0x00000000        0x0 c:/users/schulz/.platformio/packages/toolchain-atmelavr/bin/../lib/gcc/avr/5.4.0/../../../../avr/lib/avr5\libc.a(strnlen_P.o)
 .data          0x00000000        0x0 c:/users/schulz/.platformio/packages/toolchain-atmelavr/bin/../lib/gcc/avr/5.4.0/../../../../avr/lib/avr5\libc.a(strnlen_P.o)
 .bss           0x00000000        0x0 c:/users/schulz/.platformio/packages/toolchain-atmelavr/bin/../lib/gcc/avr/5.4.0/../../../../avr/lib/avr5\libc.a(strnlen_P.o)
 .text          0x00000000        0x0 c:/users/schulz/.platformio/packages/toolchain-atmelavr/bin/../lib/gcc/avr/5.4.0/../../../../avr/lib/avr5\libc.a(strnlen.o)
 .data          0x00000000        0x0 c:/users/schulz/.platformio/packages/toolchain-atmelavr/bin/../lib/gcc/avr/5.4.0/../../../../avr/lib/avr5\libc.a(strnlen.o)
 .bss           0x00000000        0x0 c:/users/schulz/.platformio/packages/toolchain-atmelavr/bin/../lib/gcc/avr/5.4.0/../../../../avr/lib/avr5\libc.a(strnlen.o)
 .text          0x00000000        0x0 c:/users/schulz/.platformio/packages/toolchain-atmelavr/bin/../lib/gcc/avr/5.4.0/../../../../avr/lib/avr5\libc.a(fputc.o)
 .data          0x00000000        0x0 c:/users/schulz/.platformio/packages/toolchain-atmelavr/bin/../lib/gcc/avr/5.4.0/../../../../avr/lib/avr5\libc.a(fputc.o)
 .bss           0x00000000        0x0 c:/users/schulz/.platformio/packages/toolchain-atmelavr/bin/../lib/gcc/avr/5.4.0/../../../../avr/lib/avr5\libc.a(fputc.o)
 .text          0x00000000        0x0 c:/users/schulz/.platformio/packages/toolchain-atmelavr/bin/../lib/gcc/avr/5.4.0/../../../../avr/lib/avr5\libc.a(ultoa_invert.o)
 .data          0x00000000        0x0 c:/users/schulz/.platformio/packages/toolchain-atmelavr/bin/../lib/gcc/avr/5.4.0/../../../../avr/lib/avr5\libc.a(ultoa_invert.o)
 .bss           0x00000000        0x0 c:/users/schulz/.platformio/packages/toolchain-atmelavr/bin/../lib/gcc/avr/5.4.0/../../../../avr/lib/avr5\libc.a(ultoa_invert.o)
 .text          0x00000000        0x0 c:/users/schulz/.platformio/packages/toolchain-atmelavr/bin/../lib/gcc/avr/5.4.0/../../../../avr/lib/avr5\libatmega328p.a(eerd_block.o)
 .data          0x00000000        0x0 c:/users/schulz/.platformio/packages/toolchain-atmelavr/bin/../lib/gcc/avr/5.4.0/../../../../avr/lib/avr5\libatmega328p.a(eerd_block.o)
 .bss           0x00000000        0x0 c:/users/schulz/.platformio/packages/toolchain-atmelavr/bin/../lib/gcc/avr/5.4.0/../../../../avr/lib/avr5\libatmega328p.a(eerd_block.o)
 .text          0x00000000        0x0 c:/users/schulz/.platformio/packages/toolchain-atmelavr/bin/../lib/gcc/avr/5.4.0/../../../../avr/lib/avr5\libatmega328p.a(eerd_byte.o)
 .data          0x00000000        0x0 c:/users/schulz/.platformio/packages/toolchain-atmelavr/bin/../lib/gcc/avr/5.4.0/../../../../avr/lib/avr5\libatmega328p.a(eerd_byte.o)
 .bss           0x00000000        0x0 c:/users/schulz/.platformio/packages/toolchain-atmelavr/bin/../lib/gcc/avr/5.4.0/../../../../avr/lib/avr5\libatmega328p.a(eerd_byte.o)
 .text          0x00000000        0x0 c:/users/schulz/.platformio/packages/toolchain-atmelavr/bin/../lib/gcc/avr/5.4.0/../../../../avr/lib/avr5\libatmega328p.a(eerd_dword.o)
 .data          0x00000000        0x0 c:/users/schulz/.platformio/packages/toolchain-atmelavr/bin/../lib/gcc/avr/5.4.0/../../../../avr/lib/avr5\libatmega328p.a(eerd_dword.o)
 .bss           0x00000000        0x0 c:/users/schulz/.platformio/packages/toolchain-atmelavr/bin/../lib/gcc/avr/5.4.0/../../../../avr/lib/avr5\libatmega328p.a(eerd_dword.o)
 .text          0x00000000        0x0 c:/users/schulz/.platformio/packages/toolchain-atmelavr/bin/../lib/gcc/avr/5.4.0/../../../../avr/lib/avr5\libatmega328p.a(eerd_word.o)
 .data          0x00000000        0x0 c:/users/schulz/.platformio/packages/toolchain-atmelavr/bin/../lib/gcc/avr/5.4.0/../../../../avr/lib/avr5\libatmega328p.a(eerd_word.o)
 .bss           0x00000000        0x0 c:/users/schulz/.platformio/packages/toolchain-atmelavr/bin/../lib/gcc/avr/5.4.0/../../../../avr/lib/avr5\libatmega328p.a(eerd_word.o)
 .text          0x00000000        0x0 c:/users/schulz/.platformio/packages/toolchain-atmelavr/bin/../lib/gcc/avr/5.4.0/avr5\libgcc.a(_prologue.o)
 .data          0x00000000        0x0 c:/users/schulz/.platformio/packages/toolchain-atmelavr/bin/../lib/gcc/avr/5.4.0/avr5\libgcc.a(_prologue.o)
 .bss           0x00000000        0x0 c:/users/schulz/.platformio/packages/toolchain-atmelavr/bin/../lib/gcc/avr/5.4.0/avr5\libgcc.a(_prologue.o)
 .text.libgcc.mul
                0x00000000        0x0 c:/users/schulz/.platformio/packages/toolchain-atmelavr/bin/../lib/gcc/avr/5.4.0/avr5\libgcc.a(_prologue.o)
 .text.libgcc.div
                0x00000000        0x0 c:/users/schulz/.platformio/packages/toolchain-atmelavr/bin/../lib/gcc/avr/5.4.0/avr5\libgcc.a(_prologue.o)
 .text.libgcc   0x00000000        0x0 c:/users/schulz/.platformio/packages/toolchain-atmelavr/bin/../lib/gcc/avr/5.4.0/avr5\libgcc.a(_prologue.o)
 .text.libgcc.builtins
                0x00000000        0x0 c:/users/schulz/.platformio/packages/toolchain-atmelavr/bin/../lib/gcc/avr/5.4.0/avr5\libgcc.a(_prologue.o)
 .text.libgcc.fmul
                0x00000000        0x0 c:/users/schulz/.platformio/packages/toolchain-atmelavr/bin/../lib/gcc/avr/5.4.0/avr5\libgcc.a(_prologue.o)
 .text.libgcc.fixed
                0x00000000        0x0 c:/users/schulz/.platformio/packages/toolchain-atmelavr/bin/../lib/gcc/avr/5.4.0/avr5\libgcc.a(_prologue.o)
 .text          0x00000000        0x0 c:/users/schulz/.platformio/packages/toolchain-atmelavr/bin/../lib/gcc/avr/5.4.0/avr5\libgcc.a(_epilogue.o)
 .data          0x00000000        0x0 c:/users/schulz/.platformio/packages/toolchain-atmelavr/bin/../lib/gcc/avr/5.4.0/avr5\libgcc.a(_epilogue.o)
 .bss           0x00000000        0x0 c:/users/schulz/.platformio/packages/toolchain-atmelavr/bin/../lib/gcc/avr/5.4.0/avr5\libgcc.a(_epilogue.o)
 .text.libgcc.mul
                0x00000000        0x0 c:/users/schulz/.platformio/packages/toolchain-atmelavr/bin/../lib/gcc/avr/5.4.0/avr5\libgcc.a(_epilogue.o)
 .text.libgcc.div
                0x00000000        0x0 c:/users/schulz/.platformio/packages/toolchain-atmelavr/bin/../lib/gcc/avr/5.4.0/avr5\libgcc.a(_epilogue.o)
 .text.libgcc   0x00000000        0x0 c:/users/schulz/.platformio/packages/toolchain-atmelavr/bin/../lib/gcc/avr/5.4.0/avr5\libgcc.a(_epilogue.o)
 .text.libgcc.builtins
                0x00000000        0x0 c:/users/schulz/.platformio/packages/toolchain-atmelavr/bin/../lib/gcc/avr/5.4.0/avr5\libgcc.a(_epilogue.o)
 .text.libgcc.fmul
                0x00000000        0x0 c:/users/schulz/.platformio/packages/toolchain-atmelavr/bin/../lib/gcc/avr/5.4.0/avr5\libgcc.a(_epilogue.o)
 .text.libgcc.fixed
                0x00000000        0x0 c:/users/schulz/.platformio/packages/toolchain-atmelavr/bin/../lib/gcc/avr/5.4.0/avr5\libgcc.a(_epilogue.o)
 .text          0x00000000        0x0 c:/users/schulz/.platformio/packages/toolchain-atmelavr/bin/../lib/gcc/avr/5.4.0/avr5\libgcc.a(_udivmodsi4.o)
 .data          0x00000000        0x0 c:/users/schulz/.platformio/packages/toolchain-atmelavr/bin/../lib/gcc/avr/5.4.0/avr5\libgcc.a(_udivmodsi4.o)
 .bss           0x00000000        0x0 c:/users/schulz/.platformio/packages/toolchain-atmelavr/bin/../lib/gcc/avr/5.4.0/avr5\libgcc.a(_udivmodsi4.o)
 .text.libgcc.mul
                0x00000000        0x0 c:/users/schulz/.platformio/packages/toolchain-atmelavr/bin/../lib/gcc/avr/5.4.0/avr5\libgcc.a(_udivmodsi4.o)
 .text.libgcc   0x00000000        0x0 c:/users/schulz/.platformio/packages/toolchain-atmelavr/bin/../lib/gcc/avr/5.4.0/avr5\libgcc.a(_udivmodsi4.o)
 .text.libgcc.prologue
                0x00000000        0x0 c:/users/schulz/.platformio/packages/toolchain-atmelavr/bin/../lib/gcc/avr/5.4.0/avr5\libgcc.a(_udivmodsi4.o)
 .text.libgcc.builtins
                0x00000000        0x0 c:/users/schulz/.platformio/packages/toolchain-atmelavr/bin/../lib/gcc/avr/5.4.0/avr5\libgcc.a(_udivmodsi4.o)
 .text.libgcc.fmul
                0x00000000        0x0 c:/users/schulz/.platformio/packages/toolchain-atmelavr/bin/../lib/gcc/avr/5.4.0/avr5\libgcc.a(_udivmodsi4.o)
 .text.libgcc.fixed
                0x00000000        0x0 c:/users/schulz/.platformio/packages/toolchain-atmelavr/bin/../lib/gcc/avr/5.4.0/avr5\libgcc.a(_udivmodsi4.o)
 .text          0x00000000        0x0 c:/users/schulz/.platformio/packages/toolchain-atmelavr/bin/../lib/gcc/avr/5.4.0/avr5\libgcc.a(_copy_data.o)
 .data          0x00000000        0x0 c:/users/schulz/.platformio/packages/toolchain-atmelavr/bin/../lib/gcc/avr/5.4.0/avr5\libgcc.a(_copy_data.o)
 .bss           0x00000000        0x0 c:/users/schulz/.platformio/packages/toolchain-atmelavr/bin/../lib/gcc/avr/5.4.0/avr5\libgcc.a(_copy_data.o)
 .text.libgcc.mul
                0x00000000        0x0 c:/users/schulz/.platformio/packages/toolchain-atmelavr/bin/../lib/gcc/avr/5.4.0/avr5\libgcc.a(_copy_data.o)
 .text.libgcc.div
                0x00000000        0x0 c:/users/schulz/.platformio/packages/toolchain-atmelavr/bin/../lib/gcc/avr/5.4.0/avr5\libgcc.a(_copy_data.o)
 .text.libgcc   0x00000000        0x0 c:/users/schulz/.platformio/packages/toolchain-atmelavr/bin/../lib/gcc/avr/5.4.0/avr5\libgcc.a(_copy_data.o)
 .text.libgcc.prologue
                0x00000000        0x0 c:/users/schulz/.platformio/packages/toolchain-atmelavr/bin/../lib/gcc/avr/5.4.0/avr5\libgcc.a(_copy_data.o)
 .text.libgcc.builtins
                0x00000000        0x0 c:/users/schulz/.platformio/packages/toolchain-atmelavr/bin/../lib/gcc/avr/5.4.0/avr5\libgcc.a(_copy_data.o)
 .text.libgcc.fmul
                0x00000000        0x0 c:/users/schulz/.platformio/packages/toolchain-atmelavr/bin/../lib/gcc/avr/5.4.0/avr5\libgcc.a(_copy_data.o)
 .text.libgcc.fixed
                0x00000000        0x0 c:/users/schulz/.platformio/packages/toolchain-atmelavr/bin/../lib/gcc/avr/5.4.0/avr5\libgcc.a(_copy_data.o)
 .text          0x00000000        0x0 c:/users/schulz/.platformio/packages/toolchain-atmelavr/bin/../lib/gcc/avr/5.4.0/avr5\libgcc.a(_clear_bss.o)
 .data          0x00000000        0x0 c:/users/schulz/.platformio/packages/toolchain-atmelavr/bin/../lib/gcc/avr/5.4.0/avr5\libgcc.a(_clear_bss.o)
 .bss           0x00000000        0x0 c:/users/schulz/.platformio/packages/toolchain-atmelavr/bin/../lib/gcc/avr/5.4.0/avr5\libgcc.a(_clear_bss.o)
 .text.libgcc.mul
                0x00000000        0x0 c:/users/schulz/.platformio/packages/toolchain-atmelavr/bin/../lib/gcc/avr/5.4.0/avr5\libgcc.a(_clear_bss.o)
 .text.libgcc.div
                0x00000000        0x0 c:/users/schulz/.platformio/packages/toolchain-atmelavr/bin/../lib/gcc/avr/5.4.0/avr5\libgcc.a(_clear_bss.o)
 .text.libgcc   0x00000000        0x0 c:/users/schulz/.platformio/packages/toolchain-atmelavr/bin/../lib/gcc/avr/5.4.0/avr5\libgcc.a(_clear_bss.o)
 .text.libgcc.prologue
                0x00000000        0x0 c:/users/schulz/.platformio/packages/toolchain-atmelavr/bin/../lib/gcc/avr/5.4.0/avr5\libgcc.a(_clear_bss.o)
 .text.libgcc.builtins
                0x00000000        0x0 c:/users/schulz/.platformio/packages/toolchain-atmelavr/bin/../lib/gcc/avr/5.4.0/avr5\libgcc.a(_clear_bss.o)
 .text.libgcc.fmul
                0x00000000        0x0 c:/users/schulz/.platformio/packages/toolchain-atmelavr/bin/../lib/gcc/avr/5.4.0/avr5\libgcc.a(_clear_bss.o)
 .text.libgcc.fixed
                0x00000000        0x0 c:/users/schulz/.platformio/packages/toolchain-atmelavr/bin/../lib/gcc/avr/5.4.0/avr5\libgcc.a(_clear_bss.o)
 .text          0x00000000        0x0 c:/users/schulz/.platformio/packages/toolchain-atmelavr/bin/../lib/gcc/avr/5.4.0/avr5\libgcc.a(_ctors.o)
 .data          0x00000000        0x0 c:/users/schulz/.platformio/packages/toolchain-atmelavr/bin/../lib/gcc/avr/5.4.0/avr5\libgcc.a(_ctors.o)
 .bss           0x00000000        0x0 c:/users/schulz/.platformio/packages/toolchain-atmelavr/bin/../lib/gcc/avr/5.4.0/avr5\libgcc.a(_ctors.o)
 .text.libgcc.mul
                0x00000000        0x0 c:/users/schulz/.platformio/packages/toolchain-atmelavr/bin/../lib/gcc/avr/5.4.0/avr5\libgcc.a(_ctors.o)
 .text.libgcc.div
                0x00000000        0x0 c:/users/schulz/.platformio/packages/toolchain-atmelavr/bin/../lib/gcc/avr/5.4.0/avr5\libgcc.a(_ctors.o)
 .text.libgcc   0x00000000        0x0 c:/users/schulz/.platformio/packages/toolchain-atmelavr/bin/../lib/gcc/avr/5.4.0/avr5\libgcc.a(_ctors.o)
 .text.libgcc.prologue
                0x00000000        0x0 c:/users/schulz/.platformio/packages/toolchain-atmelavr/bin/../lib/gcc/avr/5.4.0/avr5\libgcc.a(_ctors.o)
 .text.libgcc.builtins
                0x00000000        0x0 c:/users/schulz/.platformio/packages/toolchain-atmelavr/bin/../lib/gcc/avr/5.4.0/avr5\libgcc.a(_ctors.o)
 .text.libgcc.fmul
                0x00000000        0x0 c:/users/schulz/.platformio/packages/toolchain-atmelavr/bin/../lib/gcc/avr/5.4.0/avr5\libgcc.a(_ctors.o)
 .text.libgcc.fixed
                0x00000000        0x0 c:/users/schulz/.platformio/packages/toolchain-atmelavr/bin/../lib/gcc/avr/5.4.0/avr5\libgcc.a(_ctors.o)
 .text          0x00000000        0x0 c:/users/schulz/.platformio/packages/toolchain-atmelavr/bin/../lib/gcc/avr/5.4.0/avr5\libgcc.a(_tablejump2.o)
 .data          0x00000000        0x0 c:/users/schulz/.platformio/packages/toolchain-atmelavr/bin/../lib/gcc/avr/5.4.0/avr5\libgcc.a(_tablejump2.o)
 .bss           0x00000000        0x0 c:/users/schulz/.platformio/packages/toolchain-atmelavr/bin/../lib/gcc/avr/5.4.0/avr5\libgcc.a(_tablejump2.o)
 .text.libgcc.mul
                0x00000000        0x0 c:/users/schulz/.platformio/packages/toolchain-atmelavr/bin/../lib/gcc/avr/5.4.0/avr5\libgcc.a(_tablejump2.o)
 .text.libgcc.div
                0x00000000        0x0 c:/users/schulz/.platformio/packages/toolchain-atmelavr/bin/../lib/gcc/avr/5.4.0/avr5\libgcc.a(_tablejump2.o)
 .text.libgcc.prologue
                0x00000000        0x0 c:/users/schulz/.platformio/packages/toolchain-atmelavr/bin/../lib/gcc/avr/5.4.0/avr5\libgcc.a(_tablejump2.o)
 .text.libgcc.builtins
                0x00000000        0x0 c:/users/schulz/.platformio/packages/toolchain-atmelavr/bin/../lib/gcc/avr/5.4.0/avr5\libgcc.a(_tablejump2.o)
 .text.libgcc.fmul
                0x00000000        0x0 c:/users/schulz/.platformio/packages/toolchain-atmelavr/bin/../lib/gcc/avr/5.4.0/avr5\libgcc.a(_tablejump2.o)
 .text.libgcc.fixed
                0x00000000        0x0 c:/users/schulz/.platformio/packages/toolchain-atmelavr/bin/../lib/gcc/avr/5.4.0/avr5\libgcc.a(_tablejump2.o)
 .text          0x00000000        0x0 c:/users/schulz/.platformio/packages/toolchain-atmelavr/bin/../lib/gcc/avr/5.4.0/../../../../avr/lib/avr5\libc.a(abort.o)
 .data          0x00000000        0x0 c:/users/schulz/.platformio/packages/toolchain-atmelavr/bin/../lib/gcc/avr/5.4.0/../../../../avr/lib/avr5\libc.a(abort.o)
 .bss           0x00000000        0x0 c:/users/schulz/.platformio/packages/toolchain-atmelavr/bin/../lib/gcc/avr/5.4.0/../../../../avr/lib/avr5\libc.a(abort.o)

Memory Configuration

Name             Origin             Length             Attributes
text             0x00000000         0x00020000         xr
data             0x00800060         0x0000ffa0         rw !x
eeprom           0x00810000         0x00010000         rw !x
fuse             0x00820000         0x00000003         rw !x
lock             0x00830000         0x00000400         rw !x
signature        0x00840000         0x00000400         rw !x
user_signatures  0x00850000         0x00000400         rw !x
*default*        0x00000000         0xffffffff

Linker script and memory map

Address of section .data set to 0x800100
LOAD c:/users/schulz/.platformio/packages/toolchain-atmelavr/bin/../lib/gcc/avr/5.4.0/../../../../avr/lib/avr5/crtatmega328p.o
LOAD .pio\build\ATmega328P\src\main.cpp.o
LOAD C:\Users\schulz\AppData\Local\Temp\ccIZRvXT.ltrans0.ltrans.o
START GROUP
LOAD .pio\build\ATmega328P\libFrameworkArduinoVariant.a
LOAD .pio\build\ATmega328P\libFrameworkArduino.a
END GROUP
LOAD c:/users/schulz/.platformio/packages/toolchain-atmelavr/bin/../lib/gcc/avr/5.4.0/avr5\libgcc.a
LOAD c:/users/schulz/.platformio/packages/toolchain-atmelavr/bin/../lib/gcc/avr/5.4.0/../../../../avr/lib/avr5\libm.a
START GROUP
LOAD c:/users/schulz/.platformio/packages/toolchain-atmelavr/bin/../lib/gcc/avr/5.4.0/avr5\libgcc.a
LOAD c:/users/schulz/.platformio/packages/toolchain-atmelavr/bin/../lib/gcc/avr/5.4.0/../../../../avr/lib/avr5\libm.a
LOAD c:/users/schulz/.platformio/packages/toolchain-atmelavr/bin/../lib/gcc/avr/5.4.0/../../../../avr/lib/avr5\libc.a
LOAD c:/users/schulz/.platformio/packages/toolchain-atmelavr/bin/../lib/gcc/avr/5.4.0/../../../../avr/lib/avr5\libatmega328p.a
END GROUP
                0x00020000                __TEXT_REGION_LENGTH__ = DEFINED (__TEXT_REGION_LENGTH__)?__TEXT_REGION_LENGTH__:0x20000
                0x0000ffa0                __DATA_REGION_LENGTH__ = DEFINED (__DATA_REGION_LENGTH__)?__DATA_REGION_LENGTH__:0xffa0
                0x00010000                __EEPROM_REGION_LENGTH__ = DEFINED (__EEPROM_REGION_LENGTH__)?__EEPROM_REGION_LENGTH__:0x10000
                [0x00000003]                __FUSE_REGION_LENGTH__ = DEFINED (__FUSE_REGION_LENGTH__)?__FUSE_REGION_LENGTH__:0x400
                0x00000400                __LOCK_REGION_LENGTH__ = DEFINED (__LOCK_REGION_LENGTH__)?__LOCK_REGION_LENGTH__:0x400
                0x00000400                __SIGNATURE_REGION_LENGTH__ = DEFINED (__SIGNATURE_REGION_LENGTH__)?__SIGNATURE_REGION_LENGTH__:0x400
                0x00000400                __USER_SIGNATURE_REGION_LENGTH__ = DEFINED (__USER_SIGNATURE_REGION_LENGTH__)?__USER_SIGNATURE_REGION_LENGTH__:0x400

.hash
 *(.hash)

.dynsym
 *(.dynsym)

.dynstr
 *(.dynstr)

.gnu.version
 *(.gnu.version)

.gnu.version_d
 *(.gnu.version_d)

.gnu.version_r
 *(.gnu.version_r)

.rel.init
 *(.rel.init)

.rela.init
 *(.rela.init)

.rel.text
 *(.rel.text)
 *(.rel.text.*)
 *(.rel.gnu.linkonce.t*)

.rela.text
 *(.rela.text)
 *(.rela.text.*)
 *(.rela.gnu.linkonce.t*)

.rel.fini
 *(.rel.fini)

.rela.fini
 *(.rela.fini)

.rel.rodata
 *(.rel.rodata)
 *(.rel.rodata.*)
 *(.rel.gnu.linkonce.r*)

.rela.rodata
 *(.rela.rodata)
 *(.rela.rodata.*)
 *(.rela.gnu.linkonce.r*)

.rel.data
 *(.rel.data)
 *(.rel.data.*)
 *(.rel.gnu.linkonce.d*)

.rela.data
 *(.rela.data)
 *(.rela.data.*)
 *(.rela.gnu.linkonce.d*)

.rel.ctors
 *(.rel.ctors)

.rela.ctors
 *(.rela.ctors)

.rel.dtors
 *(.rel.dtors)

.rela.dtors
 *(.rela.dtors)

.rel.got
 *(.rel.got)

.rela.got
 *(.rela.got)

.rel.bss
 *(.rel.bss)

.rela.bss
 *(.rela.bss)

.rel.plt
 *(.rel.plt)

.rela.plt
 *(.rela.plt)

.text           0x00000000      0xe94
 *(.vectors)
 .vectors       0x00000000       0x68 c:/users/schulz/.platformio/packages/toolchain-atmelavr/bin/../lib/gcc/avr/5.4.0/../../../../avr/lib/avr5/crtatmega328p.o
                0x00000000                __vector_default
                0x00000000                __vectors
 *(.vectors)
 *(.progmem.gcc*)
                0x00000068                . = ALIGN (0x2)
                0x00000068                __trampolines_start = .
 *(.trampolines)
 .trampolines   0x00000068        0x0 linker stubs
 *(.trampolines*)
                0x00000068                __trampolines_end = .
 *libprintf_flt.a:*(.progmem.data)
 *libc.a:*(.progmem.data)
 *(.progmem*)
                0x00000068                . = ALIGN (0x2)
 *(.jumptables)
 *(.jumptables*)
 *(.lowtext)
 *(.lowtext*)
                0x00000068                __ctors_start = .
 *(.ctors)
 .ctors         0x00000068        0x2 C:\Users\schulz\AppData\Local\Temp\ccIZRvXT.ltrans0.ltrans.o
                0x0000006a                __ctors_end = .
                0x0000006a                __dtors_start = .
 *(.dtors)
                0x0000006a                __dtors_end = .
 SORT(*)(.ctors)
 SORT(*)(.dtors)
 *(.init0)
 .init0         0x0000006a        0x0 c:/users/schulz/.platformio/packages/toolchain-atmelavr/bin/../lib/gcc/avr/5.4.0/../../../../avr/lib/avr5/crtatmega328p.o
                0x0000006a                __init
 *(.init0)
 *(.init1)
 *(.init1)
 *(.init2)
 .init2         0x0000006a        0xc c:/users/schulz/.platformio/packages/toolchain-atmelavr/bin/../lib/gcc/avr/5.4.0/../../../../avr/lib/avr5/crtatmega328p.o
 *(.init2)
 *(.init3)
 *(.init3)
 *(.init4)
 .init4         0x00000076       0x16 c:/users/schulz/.platformio/packages/toolchain-atmelavr/bin/../lib/gcc/avr/5.4.0/avr5\libgcc.a(_copy_data.o)
                0x00000076                __do_copy_data
 .init4         0x0000008c       0x10 c:/users/schulz/.platformio/packages/toolchain-atmelavr/bin/../lib/gcc/avr/5.4.0/avr5\libgcc.a(_clear_bss.o)
                0x0000008c                __do_clear_bss
 *(.init4)
 *(.init5)
 *(.init5)
 *(.init6)
 .init6         0x0000009c       0x16 c:/users/schulz/.platformio/packages/toolchain-atmelavr/bin/../lib/gcc/avr/5.4.0/avr5\libgcc.a(_ctors.o)
                0x0000009c                __do_global_ctors
 *(.init6)
 *(.init7)
 *(.init7)
 *(.init8)
 *(.init8)
 *(.init9)
 .init9         0x000000b2        0x8 c:/users/schulz/.platformio/packages/toolchain-atmelavr/bin/../lib/gcc/avr/5.4.0/../../../../avr/lib/avr5/crtatmega328p.o
 *(.init9)
 *(.text)
 .text          0x000000ba        0x4 c:/users/schulz/.platformio/packages/toolchain-atmelavr/bin/../lib/gcc/avr/5.4.0/../../../../avr/lib/avr5/crtatmega328p.o
                0x000000ba                __vector_22
                0x000000ba                __vector_1
                0x000000ba                __vector_24
                0x000000ba                __vector_12
                0x000000ba                __bad_interrupt
                0x000000ba                __vector_6
                0x000000ba                __vector_3
                0x000000ba                __vector_23
                0x000000ba                __vector_25
                0x000000ba                __vector_11
                0x000000ba                __vector_13
                0x000000ba                __vector_17
                0x000000ba                __vector_7
                0x000000ba                __vector_5
                0x000000ba                __vector_4
                0x000000ba                __vector_9
                0x000000ba                __vector_2
                0x000000ba                __vector_21
                0x000000ba                __vector_15
                0x000000ba                __vector_8
                0x000000ba                __vector_14
                0x000000ba                __vector_10
                0x000000ba                __vector_20
 .text          0x000000be      0x412 C:\Users\schulz\AppData\Local\Temp\ccIZRvXT.ltrans0.ltrans.o
                0x0000038c                __vector_16
                0x00000420                __vector_19
                0x0000046c                __vector_18
                0x000004d0                . = ALIGN (0x2)
 *(.text.*)
 .text.unlikely
                0x000004d0       0x40 C:\Users\schulz\AppData\Local\Temp\ccIZRvXT.ltrans0.ltrans.o
 .text.startup  0x00000510      0x34e C:\Users\schulz\AppData\Local\Temp\ccIZRvXT.ltrans0.ltrans.o
                0x00000510                main
 .text.avr-libc
                0x0000085e      0x3c2 c:/users/schulz/.platformio/packages/toolchain-atmelavr/bin/../lib/gcc/avr/5.4.0/../../../../avr/lib/avr5\libc.a(vfprintf_std.o)
                0x0000085e                vfprintf
 .text.avr-libc
                0x00000c20       0x16 c:/users/schulz/.platformio/packages/toolchain-atmelavr/bin/../lib/gcc/avr/5.4.0/../../../../avr/lib/avr5\libc.a(strnlen_P.o)
                0x00000c20                strnlen_P
 .text.avr-libc
                0x00000c36       0x16 c:/users/schulz/.platformio/packages/toolchain-atmelavr/bin/../lib/gcc/avr/5.4.0/../../../../avr/lib/avr5\libc.a(strnlen.o)
                0x00000c36                strnlen
 .text.avr-libc
                0x00000c4c       0x78 c:/users/schulz/.platformio/packages/toolchain-atmelavr/bin/../lib/gcc/avr/5.4.0/../../../../avr/lib/avr5\libc.a(fputc.o)
                0x00000c4c                fputc
 .text.avr-libc
                0x00000cc4       0xbc c:/users/schulz/.platformio/packages/toolchain-atmelavr/bin/../lib/gcc/avr/5.4.0/../../../../avr/lib/avr5\libc.a(ultoa_invert.o)
                0x00000cc4                __ultoa_invert
 .text.avr-libc
                0x00000d80       0x20 c:/users/schulz/.platformio/packages/toolchain-atmelavr/bin/../lib/gcc/avr/5.4.0/../../../../avr/lib/avr5\libatmega328p.a(eerd_block.o)
                0x00000d80                eeprom_read_block
                0x00000d84                eeprom_read_blraw
 .text.avr-libc
                0x00000da0       0x10 c:/users/schulz/.platformio/packages/toolchain-atmelavr/bin/../lib/gcc/avr/5.4.0/../../../../avr/lib/avr5\libatmega328p.a(eerd_byte.o)
                0x00000da0                eeprom_read_byte
 .text.avr-libc
                0x00000db0        0xc c:/users/schulz/.platformio/packages/toolchain-atmelavr/bin/../lib/gcc/avr/5.4.0/../../../../avr/lib/avr5\libatmega328p.a(eerd_dword.o)
                0x00000db0                eeprom_read_float
                0x00000db0                eeprom_read_dword
 .text.avr-libc
                0x00000dbc        0xc c:/users/schulz/.platformio/packages/toolchain-atmelavr/bin/../lib/gcc/avr/5.4.0/../../../../avr/lib/avr5\libatmega328p.a(eerd_word.o)
                0x00000dbc                eeprom_read_word
 .text.libgcc.prologue
                0x00000dc8       0x38 c:/users/schulz/.platformio/packages/toolchain-atmelavr/bin/../lib/gcc/avr/5.4.0/avr5\libgcc.a(_prologue.o)
                0x00000dc8                __prologue_saves__
 .text.libgcc.prologue
                0x00000e00       0x36 c:/users/schulz/.platformio/packages/toolchain-atmelavr/bin/../lib/gcc/avr/5.4.0/avr5\libgcc.a(_epilogue.o)
                0x00000e00                __epilogue_restores__
 .text.libgcc.div
                0x00000e36       0x44 c:/users/schulz/.platformio/packages/toolchain-atmelavr/bin/../lib/gcc/avr/5.4.0/avr5\libgcc.a(_udivmodsi4.o)
                0x00000e36                __udivmodsi4
 .text.libgcc   0x00000e7a        0xc c:/users/schulz/.platformio/packages/toolchain-atmelavr/bin/../lib/gcc/avr/5.4.0/avr5\libgcc.a(_tablejump2.o)
                0x00000e7a                __tablejump2__
 .text.avr-libc
                0x00000e86        0xa c:/users/schulz/.platformio/packages/toolchain-atmelavr/bin/../lib/gcc/avr/5.4.0/../../../../avr/lib/avr5\libc.a(abort.o)
                0x00000e86                abort
                0x00000e90                . = ALIGN (0x2)
 *(.fini9)
 .fini9         0x00000e90        0x0 c:/users/schulz/.platformio/packages/toolchain-atmelavr/bin/../lib/gcc/avr/5.4.0/avr5\libgcc.a(_exit.o)
                0x00000e90                _exit
                0x00000e90                exit
 *(.fini9)
 *(.fini8)
 *(.fini8)
 *(.fini7)
 *(.fini7)
 *(.fini6)
 *(.fini6)
 *(.fini5)
 *(.fini5)
 *(.fini4)
 *(.fini4)
 *(.fini3)
 *(.fini3)
 *(.fini2)
 *(.fini2)
 *(.fini1)
 *(.fini1)
 *(.fini0)
 .fini0         0x00000e90        0x4 c:/users/schulz/.platformio/packages/toolchain-atmelavr/bin/../lib/gcc/avr/5.4.0/avr5\libgcc.a(_exit.o)
 *(.fini0)
                0x00000e94                _etext = .

.data           0x00800100      0x10a load address 0x00000e94
                0x00800100                PROVIDE (__data_start, .)
 *(.data)
 *(.data*)
 *(.gnu.linkonce.d*)
 *(.rodata)
 .rodata        0x00800100       0x12 C:\Users\schulz\AppData\Local\Temp\ccIZRvXT.ltrans0.ltrans.o
 *(.rodata*)
 .rodata.str1.1
                0x00800112       0xf8 C:\Users\schulz\AppData\Local\Temp\ccIZRvXT.ltrans0.ltrans.o
 *(.gnu.linkonce.r*)
                0x0080020a                . = ALIGN (0x2)
                0x0080020a                _edata = .
                0x0080020a                PROVIDE (__data_end, .)

.bss            0x0080020a       0xa6
                0x0080020a                PROVIDE (__bss_start, .)
 *(.bss)
 .bss           0x0080020a       0xa6 C:\Users\schulz\AppData\Local\Temp\ccIZRvXT.ltrans0.ltrans.o
 *(.bss*)
 *(COMMON)
                0x008002b0                PROVIDE (__bss_end, .)
                0x00000e94                __data_load_start = LOADADDR (.data)
                0x00000f9e                __data_load_end = (__data_load_start + SIZEOF (.data))

.noinit         0x008002b0        0x0
                [!provide]                PROVIDE (__noinit_start, .)
 *(.noinit*)
                [!provide]                PROVIDE (__noinit_end, .)
                0x008002b0                _end = .
                [!provide]                PROVIDE (__heap_start, .)

.eeprom         0x00810000        0x0
                0x81000000                par_blkhdr = 0x81000000
                0x81000010                par_UpdateDelay_ms = 0x81000010
                0x81000012                par_WelcomeMsg_str = 0x81000012
                0x810003fc                par_crc = 0x810003fc
 *(.eeprom*)
                0x00810000                __eeprom_end = .

.fuse
 *(.fuse)
 *(.lfuse)
 *(.hfuse)
 *(.efuse)

.lock
 *(.lock*)

.signature
 *(.signature*)

.user_signatures
 *(.user_signatures*)

.stab
 *(.stab)

.stabstr
 *(.stabstr)

.stab.excl
 *(.stab.excl)

.stab.exclstr
 *(.stab.exclstr)

.stab.index
 *(.stab.index)

.stab.indexstr
 *(.stab.indexstr)

.comment        0x00000000       0x5c
 *(.comment)
 .comment       0x00000000       0x31 C:\Users\schulz\AppData\Local\Temp\ccIZRvXT.ltrans0.ltrans.o
 .comment       0x00000000       0x2c c:/users/schulz/.platformio/packages/toolchain-atmelavr/bin/../lib/gcc/avr/5.4.0/../../../../avr/lib/avr5\libc.a(vfprintf_std.o)
                                 0x2d (size before relaxing)
 .comment       0x0000002c       0x30 c:/users/schulz/.platformio/packages/toolchain-atmelavr/bin/../lib/gcc/avr/5.4.0/../../../../avr/lib/avr5\libc.a(fputc.o)
                                 0x31 (size before relaxing)

.note.gnu.avr.deviceinfo
                0x00000000       0x40
 .note.gnu.avr.deviceinfo
                0x00000000       0x40 c:/users/schulz/.platformio/packages/toolchain-atmelavr/bin/../lib/gcc/avr/5.4.0/../../../../avr/lib/avr5/crtatmega328p.o

.note.gnu.build-id
 *(.note.gnu.build-id)

.debug
 *(.debug)

.line
 *(.line)

.debug_srcinfo
 *(.debug_srcinfo)

.debug_sfnames
 *(.debug_sfnames)

.debug_aranges
 *(.debug_aranges)

.debug_pubnames
 *(.debug_pubnames)

.debug_info     0x00000000      0x5f4
 *(.debug_info .gnu.linkonce.wi.*)
 .debug_info    0x00000000      0x5f4 c:/users/schulz/.platformio/packages/toolchain-atmelavr/bin/../lib/gcc/avr/5.4.0/../../../../avr/lib/avr5/crtatmega328p.o

.debug_abbrev   0x00000000      0x5a2
 *(.debug_abbrev)
 .debug_abbrev  0x00000000      0x5a2 c:/users/schulz/.platformio/packages/toolchain-atmelavr/bin/../lib/gcc/avr/5.4.0/../../../../avr/lib/avr5/crtatmega328p.o

.debug_line     0x00000000       0x1a
 *(.debug_line .debug_line.* .debug_line_end)
 .debug_line    0x00000000       0x1a c:/users/schulz/.platformio/packages/toolchain-atmelavr/bin/../lib/gcc/avr/5.4.0/../../../../avr/lib/avr5/crtatmega328p.o

.debug_frame
 *(.debug_frame)

.debug_str      0x00000000      0x208
 *(.debug_str)
 .debug_str     0x00000000      0x208 c:/users/schulz/.platformio/packages/toolchain-atmelavr/bin/../lib/gcc/avr/5.4.0/../../../../avr/lib/avr5/crtatmega328p.o

.debug_loc
 *(.debug_loc)

.debug_macinfo
 *(.debug_macinfo)

.debug_weaknames
 *(.debug_weaknames)

.debug_funcnames
 *(.debug_funcnames)

.debug_typenames
 *(.debug_typenames)

.debug_varnames
 *(.debug_varnames)

.debug_pubtypes
 *(.debug_pubtypes)

.debug_ranges
 *(.debug_ranges)

.debug_macro
 *(.debug_macro)
OUTPUT(.pio\build\ATmega328P\firmware.elf elf32-avr)
LOAD linker stubs
